Script started on 2020-03-09 17:06:57+0000
]0;vagrant@IT340Midterm: ~[01;32mvagrant@IT340Midterm[00m:[01;34m~[00m$ cd var/log
bash: cd: var/log: No such file or directory
]0;vagrant@IT340Midterm: ~[01;32mvagrant@IT340Midterm[00m:[01;34m~[00m$ cd /var/log
]0;vagrant@IT340Midterm: /var/log[01;32mvagrant@IT340Midterm[00m:[01;34m/var/log[00m$ ls
alternatives.log  [0m[01;34mapt[0m       boot.log       btmp          dpkg.log  [01;34mjournal[0m   [01;34mlandscape[0m  [01;34mlxd[0m    syslog    vboxadd-install.log  vboxadd-setup.log.1  wtmp
[01;34mapache2[0m           auth.log  bootstrap.log  [01;34mdist-upgrade[0m  faillog   kern.log  lastlog    [01;34msamba[0m  tallylog  vboxadd-setup.log    vboxadd-setup.log.2
]0;vagrant@IT340Midterm: /var/log[01;32mvagrant@IT340Midterm[00m:[01;34m/var/log[00m$ at [K[K[Kcat /var/lg[Kog
cat: /var/log: Is a directory
]0;vagrant@IT340Midterm: /var/log[01;32mvagrant@IT340Midterm[00m:[01;34m/var/log[00m$  at [K[K[K[Kcat faillog
]0;vagrant@IT340Midterm: /var/log[01;32mvagrant@IT340Midterm[00m:[01;34m/var/log[00m$ cat dpkg.log
2020-03-09 17:02:36 startup archives unpack
2020-03-09 17:02:37 install libapr1:amd64 <none> 1.6.3-2
2020-03-09 17:02:37 status triggers-pending libc-bin:amd64 2.27-3ubuntu1
2020-03-09 17:02:37 status half-installed libapr1:amd64 1.6.3-2
2020-03-09 17:02:37 status unpacked libapr1:amd64 1.6.3-2
2020-03-09 17:02:37 status unpacked libapr1:amd64 1.6.3-2
2020-03-09 17:02:37 install libaprutil1:amd64 <none> 1.6.1-2
2020-03-09 17:02:37 status half-installed libaprutil1:amd64 1.6.1-2
2020-03-09 17:02:37 status unpacked libaprutil1:amd64 1.6.1-2
2020-03-09 17:02:37 status unpacked libaprutil1:amd64 1.6.1-2
2020-03-09 17:02:37 install libaprutil1-dbd-sqlite3:amd64 <none> 1.6.1-2
2020-03-09 17:02:37 status half-installed libaprutil1-dbd-sqlite3:amd64 1.6.1-2
2020-03-09 17:02:38 status unpacked libaprutil1-dbd-sqlite3:amd64 1.6.1-2
2020-03-09 17:02:38 status unpacked libaprutil1-dbd-sqlite3:amd64 1.6.1-2
2020-03-09 17:02:38 install libaprutil1-ldap:amd64 <none> 1.6.1-2
2020-03-09 17:02:38 status half-installed libaprutil1-ldap:amd64 1.6.1-2
2020-03-09 17:02:38 status unpacked libaprutil1-ldap:amd64 1.6.1-2
2020-03-09 17:02:38 status unpacked libaprutil1-ldap:amd64 1.6.1-2
2020-03-09 17:02:38 install liblua5.2-0:amd64 <none> 5.2.4-1.1build1
2020-03-09 17:02:38 status half-installed liblua5.2-0:amd64 5.2.4-1.1build1
2020-03-09 17:02:38 status unpacked liblua5.2-0:amd64 5.2.4-1.1build1
2020-03-09 17:02:38 status unpacked liblua5.2-0:amd64 5.2.4-1.1build1
2020-03-09 17:02:38 install apache2-bin:amd64 <none> 2.4.29-1ubuntu4.12
2020-03-09 17:02:38 status half-installed apache2-bin:amd64 2.4.29-1ubuntu4.12
2020-03-09 17:02:38 status triggers-pending man-db:amd64 2.8.3-2ubuntu0.1
2020-03-09 17:02:38 status unpacked apache2-bin:amd64 2.4.29-1ubuntu4.12
2020-03-09 17:02:38 status unpacked apache2-bin:amd64 2.4.29-1ubuntu4.12
2020-03-09 17:02:38 install apache2-utils:amd64 <none> 2.4.29-1ubuntu4.12
2020-03-09 17:02:38 status half-installed apache2-utils:amd64 2.4.29-1ubuntu4.12
2020-03-09 17:02:39 status unpacked apache2-utils:amd64 2.4.29-1ubuntu4.12
2020-03-09 17:02:39 status unpacked apache2-utils:amd64 2.4.29-1ubuntu4.12
2020-03-09 17:02:39 install apache2-data:all <none> 2.4.29-1ubuntu4.12
2020-03-09 17:02:39 status half-installed apache2-data:all 2.4.29-1ubuntu4.12
2020-03-09 17:02:39 status unpacked apache2-data:all 2.4.29-1ubuntu4.12
2020-03-09 17:02:39 status unpacked apache2-data:all 2.4.29-1ubuntu4.12
2020-03-09 17:02:39 install apache2:amd64 <none> 2.4.29-1ubuntu4.12
2020-03-09 17:02:39 status half-installed apache2:amd64 2.4.29-1ubuntu4.12
2020-03-09 17:02:39 status triggers-pending systemd:amd64 237-3ubuntu10.33
2020-03-09 17:02:39 status triggers-pending ureadahead:amd64 0.100.0-21
2020-03-09 17:02:39 status triggers-pending ufw:all 0.36-0ubuntu0.18.04.1
2020-03-09 17:02:40 status unpacked apache2:amd64 2.4.29-1ubuntu4.12
2020-03-09 17:02:40 status unpacked apache2:amd64 2.4.29-1ubuntu4.12
2020-03-09 17:02:40 install php-common:all <none> 1:60ubuntu1
2020-03-09 17:02:40 status half-installed php-common:all 1:60ubuntu1
2020-03-09 17:02:40 status unpacked php-common:all 1:60ubuntu1
2020-03-09 17:02:40 status unpacked php-common:all 1:60ubuntu1
2020-03-09 17:02:40 install php7.2-common:amd64 <none> 7.2.24-0ubuntu0.18.04.3
2020-03-09 17:02:40 status half-installed php7.2-common:amd64 7.2.24-0ubuntu0.18.04.3
2020-03-09 17:02:40 status unpacked php7.2-common:amd64 7.2.24-0ubuntu0.18.04.3
2020-03-09 17:02:40 status unpacked php7.2-common:amd64 7.2.24-0ubuntu0.18.04.3
2020-03-09 17:02:40 install php7.2-json:amd64 <none> 7.2.24-0ubuntu0.18.04.3
2020-03-09 17:02:40 status half-installed php7.2-json:amd64 7.2.24-0ubuntu0.18.04.3
2020-03-09 17:02:40 status unpacked php7.2-json:amd64 7.2.24-0ubuntu0.18.04.3
2020-03-09 17:02:40 status unpacked php7.2-json:amd64 7.2.24-0ubuntu0.18.04.3
2020-03-09 17:02:41 install php7.2-opcache:amd64 <none> 7.2.24-0ubuntu0.18.04.3
2020-03-09 17:02:41 status half-installed php7.2-opcache:amd64 7.2.24-0ubuntu0.18.04.3
2020-03-09 17:02:41 status unpacked php7.2-opcache:amd64 7.2.24-0ubuntu0.18.04.3
2020-03-09 17:02:41 status unpacked php7.2-opcache:amd64 7.2.24-0ubuntu0.18.04.3
2020-03-09 17:02:41 install php7.2-readline:amd64 <none> 7.2.24-0ubuntu0.18.04.3
2020-03-09 17:02:41 status half-installed php7.2-readline:amd64 7.2.24-0ubuntu0.18.04.3
2020-03-09 17:02:41 status unpacked php7.2-readline:amd64 7.2.24-0ubuntu0.18.04.3
2020-03-09 17:02:41 status unpacked php7.2-readline:amd64 7.2.24-0ubuntu0.18.04.3
2020-03-09 17:02:41 install libsodium23:amd64 <none> 1.0.16-2
2020-03-09 17:02:41 status half-installed libsodium23:amd64 1.0.16-2
2020-03-09 17:02:41 status unpacked libsodium23:amd64 1.0.16-2
2020-03-09 17:02:41 status unpacked libsodium23:amd64 1.0.16-2
2020-03-09 17:02:41 install php7.2-cli:amd64 <none> 7.2.24-0ubuntu0.18.04.3
2020-03-09 17:02:41 status half-installed php7.2-cli:amd64 7.2.24-0ubuntu0.18.04.3
2020-03-09 17:02:42 status unpacked php7.2-cli:amd64 7.2.24-0ubuntu0.18.04.3
2020-03-09 17:02:42 status unpacked php7.2-cli:amd64 7.2.24-0ubuntu0.18.04.3
2020-03-09 17:02:42 install libapache2-mod-php7.2:amd64 <none> 7.2.24-0ubuntu0.18.04.3
2020-03-09 17:02:42 status half-installed libapache2-mod-php7.2:amd64 7.2.24-0ubuntu0.18.04.3
2020-03-09 17:02:42 status unpacked libapache2-mod-php7.2:amd64 7.2.24-0ubuntu0.18.04.3
2020-03-09 17:02:42 status unpacked libapache2-mod-php7.2:amd64 7.2.24-0ubuntu0.18.04.3
2020-03-09 17:02:42 install php7.2:all <none> 7.2.24-0ubuntu0.18.04.3
2020-03-09 17:02:42 status half-installed php7.2:all 7.2.24-0ubuntu0.18.04.3
2020-03-09 17:02:42 status unpacked php7.2:all 7.2.24-0ubuntu0.18.04.3
2020-03-09 17:02:42 status unpacked php7.2:all 7.2.24-0ubuntu0.18.04.3
2020-03-09 17:02:42 install php:all <none> 1:7.2+60ubuntu1
2020-03-09 17:02:42 status half-installed php:all 1:7.2+60ubuntu1
2020-03-09 17:02:42 status unpacked php:all 1:7.2+60ubuntu1
2020-03-09 17:02:42 status unpacked php:all 1:7.2+60ubuntu1
2020-03-09 17:02:43 install ssl-cert:all <none> 1.0.39
2020-03-09 17:02:43 status half-installed ssl-cert:all 1.0.39
2020-03-09 17:02:43 status unpacked ssl-cert:all 1.0.39
2020-03-09 17:02:43 status unpacked ssl-cert:all 1.0.39
2020-03-09 17:02:43 startup packages configure
2020-03-09 17:02:43 configure libapr1:amd64 1.6.3-2 <none>
2020-03-09 17:02:43 status unpacked libapr1:amd64 1.6.3-2
2020-03-09 17:02:43 status half-configured libapr1:amd64 1.6.3-2
2020-03-09 17:02:43 status installed libapr1:amd64 1.6.3-2
2020-03-09 17:02:43 configure apache2-data:all 2.4.29-1ubuntu4.12 <none>
2020-03-09 17:02:43 status unpacked apache2-data:all 2.4.29-1ubuntu4.12
2020-03-09 17:02:43 status half-configured apache2-data:all 2.4.29-1ubuntu4.12
2020-03-09 17:02:43 status installed apache2-data:all 2.4.29-1ubuntu4.12
2020-03-09 17:02:43 configure ssl-cert:all 1.0.39 <none>
2020-03-09 17:02:43 status unpacked ssl-cert:all 1.0.39
2020-03-09 17:02:43 status half-configured ssl-cert:all 1.0.39
2020-03-09 17:02:44 status installed ssl-cert:all 1.0.39
2020-03-09 17:02:44 configure libsodium23:amd64 1.0.16-2 <none>
2020-03-09 17:02:44 status unpacked libsodium23:amd64 1.0.16-2
2020-03-09 17:02:44 status half-configured libsodium23:amd64 1.0.16-2
2020-03-09 17:02:44 status installed libsodium23:amd64 1.0.16-2
2020-03-09 17:02:44 configure libaprutil1:amd64 1.6.1-2 <none>
2020-03-09 17:02:44 status unpacked libaprutil1:amd64 1.6.1-2
2020-03-09 17:02:44 status half-configured libaprutil1:amd64 1.6.1-2
2020-03-09 17:02:44 status installed libaprutil1:amd64 1.6.1-2
2020-03-09 17:02:44 configure php-common:all 1:60ubuntu1 <none>
2020-03-09 17:02:44 status unpacked php-common:all 1:60ubuntu1
2020-03-09 17:02:44 status unpacked php-common:all 1:60ubuntu1
2020-03-09 17:02:44 status half-configured php-common:all 1:60ubuntu1
2020-03-09 17:02:45 status installed php-common:all 1:60ubuntu1
2020-03-09 17:02:45 configure liblua5.2-0:amd64 5.2.4-1.1build1 <none>
2020-03-09 17:02:45 status unpacked liblua5.2-0:amd64 5.2.4-1.1build1
2020-03-09 17:02:45 status half-configured liblua5.2-0:amd64 5.2.4-1.1build1
2020-03-09 17:02:45 status installed liblua5.2-0:amd64 5.2.4-1.1build1
2020-03-09 17:02:45 configure libaprutil1-ldap:amd64 1.6.1-2 <none>
2020-03-09 17:02:45 status unpacked libaprutil1-ldap:amd64 1.6.1-2
2020-03-09 17:02:45 status half-configured libaprutil1-ldap:amd64 1.6.1-2
2020-03-09 17:02:45 status installed libaprutil1-ldap:amd64 1.6.1-2
2020-03-09 17:02:45 configure php7.2-common:amd64 7.2.24-0ubuntu0.18.04.3 <none>
2020-03-09 17:02:45 status unpacked php7.2-common:amd64 7.2.24-0ubuntu0.18.04.3
2020-03-09 17:02:45 status half-configured php7.2-common:amd64 7.2.24-0ubuntu0.18.04.3
2020-03-09 17:02:56 status installed php7.2-common:amd64 7.2.24-0ubuntu0.18.04.3
2020-03-09 17:02:56 configure libaprutil1-dbd-sqlite3:amd64 1.6.1-2 <none>
2020-03-09 17:02:56 status unpacked libaprutil1-dbd-sqlite3:amd64 1.6.1-2
2020-03-09 17:02:56 status half-configured libaprutil1-dbd-sqlite3:amd64 1.6.1-2
2020-03-09 17:02:56 status installed libaprutil1-dbd-sqlite3:amd64 1.6.1-2
2020-03-09 17:02:56 configure apache2-utils:amd64 2.4.29-1ubuntu4.12 <none>
2020-03-09 17:02:56 status unpacked apache2-utils:amd64 2.4.29-1ubuntu4.12
2020-03-09 17:02:56 status half-configured apache2-utils:amd64 2.4.29-1ubuntu4.12
2020-03-09 17:02:56 status installed apache2-utils:amd64 2.4.29-1ubuntu4.12
2020-03-09 17:02:56 configure apache2-bin:amd64 2.4.29-1ubuntu4.12 <none>
2020-03-09 17:02:56 status unpacked apache2-bin:amd64 2.4.29-1ubuntu4.12
2020-03-09 17:02:56 status half-configured apache2-bin:amd64 2.4.29-1ubuntu4.12
2020-03-09 17:02:56 status installed apache2-bin:amd64 2.4.29-1ubuntu4.12
2020-03-09 17:02:56 configure php7.2-readline:amd64 7.2.24-0ubuntu0.18.04.3 <none>
2020-03-09 17:02:56 status unpacked php7.2-readline:amd64 7.2.24-0ubuntu0.18.04.3
2020-03-09 17:02:56 status half-configured php7.2-readline:amd64 7.2.24-0ubuntu0.18.04.3
2020-03-09 17:02:57 status installed php7.2-readline:amd64 7.2.24-0ubuntu0.18.04.3
2020-03-09 17:02:57 configure php7.2-json:amd64 7.2.24-0ubuntu0.18.04.3 <none>
2020-03-09 17:02:57 status unpacked php7.2-json:amd64 7.2.24-0ubuntu0.18.04.3
2020-03-09 17:02:57 status half-configured php7.2-json:amd64 7.2.24-0ubuntu0.18.04.3
2020-03-09 17:02:57 status installed php7.2-json:amd64 7.2.24-0ubuntu0.18.04.3
2020-03-09 17:02:57 configure php7.2-opcache:amd64 7.2.24-0ubuntu0.18.04.3 <none>
2020-03-09 17:02:57 status unpacked php7.2-opcache:amd64 7.2.24-0ubuntu0.18.04.3
2020-03-09 17:02:57 status half-configured php7.2-opcache:amd64 7.2.24-0ubuntu0.18.04.3
2020-03-09 17:02:58 status installed php7.2-opcache:amd64 7.2.24-0ubuntu0.18.04.3
2020-03-09 17:02:58 configure apache2:amd64 2.4.29-1ubuntu4.12 <none>
2020-03-09 17:02:58 status unpacked apache2:amd64 2.4.29-1ubuntu4.12
2020-03-09 17:02:58 status unpacked apache2:amd64 2.4.29-1ubuntu4.12
2020-03-09 17:02:58 status unpacked apache2:amd64 2.4.29-1ubuntu4.12
2020-03-09 17:02:58 status unpacked apache2:amd64 2.4.29-1ubuntu4.12
2020-03-09 17:02:58 status unpacked apache2:amd64 2.4.29-1ubuntu4.12
2020-03-09 17:02:58 status unpacked apache2:amd64 2.4.29-1ubuntu4.12
2020-03-09 17:02:58 status unpacked apache2:amd64 2.4.29-1ubuntu4.12
2020-03-09 17:02:58 status unpacked apache2:amd64 2.4.29-1ubuntu4.12
2020-03-09 17:02:58 status unpacked apache2:amd64 2.4.29-1ubuntu4.12
2020-03-09 17:02:58 status unpacked apache2:amd64 2.4.29-1ubuntu4.12
2020-03-09 17:02:58 status unpacked apache2:amd64 2.4.29-1ubuntu4.12
2020-03-09 17:02:58 status unpacked apache2:amd64 2.4.29-1ubuntu4.12
2020-03-09 17:02:58 status unpacked apache2:amd64 2.4.29-1ubuntu4.12
2020-03-09 17:02:58 status unpacked apache2:amd64 2.4.29-1ubuntu4.12
2020-03-09 17:02:58 status unpacked apache2:amd64 2.4.29-1ubuntu4.12
2020-03-09 17:02:58 status unpacked apache2:amd64 2.4.29-1ubuntu4.12
2020-03-09 17:02:58 status unpacked apache2:amd64 2.4.29-1ubuntu4.12
2020-03-09 17:02:58 status unpacked apache2:amd64 2.4.29-1ubuntu4.12
2020-03-09 17:02:58 status unpacked apache2:amd64 2.4.29-1ubuntu4.12
2020-03-09 17:02:58 status unpacked apache2:amd64 2.4.29-1ubuntu4.12
2020-03-09 17:02:58 status unpacked apache2:amd64 2.4.29-1ubuntu4.12
2020-03-09 17:02:58 status unpacked apache2:amd64 2.4.29-1ubuntu4.12
2020-03-09 17:02:58 status unpacked apache2:amd64 2.4.29-1ubuntu4.12
2020-03-09 17:02:58 status unpacked apache2:amd64 2.4.29-1ubuntu4.12
2020-03-09 17:02:58 status unpacked apache2:amd64 2.4.29-1ubuntu4.12
2020-03-09 17:02:58 status unpacked apache2:amd64 2.4.29-1ubuntu4.12
2020-03-09 17:02:58 status unpacked apache2:amd64 2.4.29-1ubuntu4.12
2020-03-09 17:02:58 status unpacked apache2:amd64 2.4.29-1ubuntu4.12
2020-03-09 17:02:58 status unpacked apache2:amd64 2.4.29-1ubuntu4.12
2020-03-09 17:02:58 status unpacked apache2:amd64 2.4.29-1ubuntu4.12
2020-03-09 17:02:58 status unpacked apache2:amd64 2.4.29-1ubuntu4.12
2020-03-09 17:02:58 status unpacked apache2:amd64 2.4.29-1ubuntu4.12
2020-03-09 17:02:58 status unpacked apache2:amd64 2.4.29-1ubuntu4.12
2020-03-09 17:02:58 status unpacked apache2:amd64 2.4.29-1ubuntu4.12
2020-03-09 17:02:58 status unpacked apache2:amd64 2.4.29-1ubuntu4.12
2020-03-09 17:02:58 status unpacked apache2:amd64 2.4.29-1ubuntu4.12
2020-03-09 17:02:58 status unpacked apache2:amd64 2.4.29-1ubuntu4.12
2020-03-09 17:02:58 status unpacked apache2:amd64 2.4.29-1ubuntu4.12
2020-03-09 17:02:58 status unpacked apache2:amd64 2.4.29-1ubuntu4.12
2020-03-09 17:02:58 status unpacked apache2:amd64 2.4.29-1ubuntu4.12
2020-03-09 17:02:58 status unpacked apache2:amd64 2.4.29-1ubuntu4.12
2020-03-09 17:02:58 status unpacked apache2:amd64 2.4.29-1ubuntu4.12
2020-03-09 17:02:58 status unpacked apache2:amd64 2.4.29-1ubuntu4.12
2020-03-09 17:02:58 status unpacked apache2:amd64 2.4.29-1ubuntu4.12
2020-03-09 17:02:58 status unpacked apache2:amd64 2.4.29-1ubuntu4.12
2020-03-09 17:02:58 status unpacked apache2:amd64 2.4.29-1ubuntu4.12
2020-03-09 17:02:58 status unpacked apache2:amd64 2.4.29-1ubuntu4.12
2020-03-09 17:02:58 status unpacked apache2:amd64 2.4.29-1ubuntu4.12
2020-03-09 17:02:58 status unpacked apache2:amd64 2.4.29-1ubuntu4.12
2020-03-09 17:02:58 status unpacked apache2:amd64 2.4.29-1ubuntu4.12
2020-03-09 17:02:58 status unpacked apache2:amd64 2.4.29-1ubuntu4.12
2020-03-09 17:02:58 status unpacked apache2:amd64 2.4.29-1ubuntu4.12
2020-03-09 17:02:58 status unpacked apache2:amd64 2.4.29-1ubuntu4.12
2020-03-09 17:02:58 status unpacked apache2:amd64 2.4.29-1ubuntu4.12
2020-03-09 17:02:58 status unpacked apache2:amd64 2.4.29-1ubuntu4.12
2020-03-09 17:02:58 status unpacked apache2:amd64 2.4.29-1ubuntu4.12
2020-03-09 17:02:58 status unpacked apache2:amd64 2.4.29-1ubuntu4.12
2020-03-09 17:02:58 status unpacked apache2:amd64 2.4.29-1ubuntu4.12
2020-03-09 17:02:59 status unpacked apache2:amd64 2.4.29-1ubuntu4.12
2020-03-09 17:02:59 status unpacked apache2:amd64 2.4.29-1ubuntu4.12
2020-03-09 17:02:59 status unpacked apache2:amd64 2.4.29-1ubuntu4.12
2020-03-09 17:02:59 status unpacked apache2:amd64 2.4.29-1ubuntu4.12
2020-03-09 17:02:59 status unpacked apache2:amd64 2.4.29-1ubuntu4.12
2020-03-09 17:02:59 status unpacked apache2:amd64 2.4.29-1ubuntu4.12
2020-03-09 17:02:59 status unpacked apache2:amd64 2.4.29-1ubuntu4.12
2020-03-09 17:02:59 status unpacked apache2:amd64 2.4.29-1ubuntu4.12
2020-03-09 17:02:59 status unpacked apache2:amd64 2.4.29-1ubuntu4.12
2020-03-09 17:02:59 status unpacked apache2:amd64 2.4.29-1ubuntu4.12
2020-03-09 17:02:59 status unpacked apache2:amd64 2.4.29-1ubuntu4.12
2020-03-09 17:02:59 status unpacked apache2:amd64 2.4.29-1ubuntu4.12
2020-03-09 17:02:59 status unpacked apache2:amd64 2.4.29-1ubuntu4.12
2020-03-09 17:02:59 status unpacked apache2:amd64 2.4.29-1ubuntu4.12
2020-03-09 17:02:59 status unpacked apache2:amd64 2.4.29-1ubuntu4.12
2020-03-09 17:02:59 status unpacked apache2:amd64 2.4.29-1ubuntu4.12
2020-03-09 17:02:59 status unpacked apache2:amd64 2.4.29-1ubuntu4.12
2020-03-09 17:02:59 status unpacked apache2:amd64 2.4.29-1ubuntu4.12
2020-03-09 17:02:59 status unpacked apache2:amd64 2.4.29-1ubuntu4.12
2020-03-09 17:02:59 status unpacked apache2:amd64 2.4.29-1ubuntu4.12
2020-03-09 17:02:59 status unpacked apache2:amd64 2.4.29-1ubuntu4.12
2020-03-09 17:02:59 status unpacked apache2:amd64 2.4.29-1ubuntu4.12
2020-03-09 17:02:59 status unpacked apache2:amd64 2.4.29-1ubuntu4.12
2020-03-09 17:02:59 status unpacked apache2:amd64 2.4.29-1ubuntu4.12
2020-03-09 17:02:59 status unpacked apache2:amd64 2.4.29-1ubuntu4.12
2020-03-09 17:02:59 status unpacked apache2:amd64 2.4.29-1ubuntu4.12
2020-03-09 17:02:59 status unpacked apache2:amd64 2.4.29-1ubuntu4.12
2020-03-09 17:02:59 status unpacked apache2:amd64 2.4.29-1ubuntu4.12
2020-03-09 17:02:59 status unpacked apache2:amd64 2.4.29-1ubuntu4.12
2020-03-09 17:02:59 status unpacked apache2:amd64 2.4.29-1ubuntu4.12
2020-03-09 17:02:59 status unpacked apache2:amd64 2.4.29-1ubuntu4.12
2020-03-09 17:02:59 status unpacked apache2:amd64 2.4.29-1ubuntu4.12
2020-03-09 17:02:59 status unpacked apache2:amd64 2.4.29-1ubuntu4.12
2020-03-09 17:02:59 status unpacked apache2:amd64 2.4.29-1ubuntu4.12
2020-03-09 17:02:59 status unpacked apache2:amd64 2.4.29-1ubuntu4.12
2020-03-09 17:02:59 status unpacked apache2:amd64 2.4.29-1ubuntu4.12
2020-03-09 17:02:59 status unpacked apache2:amd64 2.4.29-1ubuntu4.12
2020-03-09 17:02:59 status unpacked apache2:amd64 2.4.29-1ubuntu4.12
2020-03-09 17:02:59 status unpacked apache2:amd64 2.4.29-1ubuntu4.12
2020-03-09 17:02:59 status unpacked apache2:amd64 2.4.29-1ubuntu4.12
2020-03-09 17:02:59 status unpacked apache2:amd64 2.4.29-1ubuntu4.12
2020-03-09 17:02:59 status unpacked apache2:amd64 2.4.29-1ubuntu4.12
2020-03-09 17:02:59 status unpacked apache2:amd64 2.4.29-1ubuntu4.12
2020-03-09 17:02:59 status unpacked apache2:amd64 2.4.29-1ubuntu4.12
2020-03-09 17:02:59 status unpacked apache2:amd64 2.4.29-1ubuntu4.12
2020-03-09 17:02:59 status unpacked apache2:amd64 2.4.29-1ubuntu4.12
2020-03-09 17:02:59 status unpacked apache2:amd64 2.4.29-1ubuntu4.12
2020-03-09 17:02:59 status unpacked apache2:amd64 2.4.29-1ubuntu4.12
2020-03-09 17:02:59 status unpacked apache2:amd64 2.4.29-1ubuntu4.12
2020-03-09 17:02:59 status unpacked apache2:amd64 2.4.29-1ubuntu4.12
2020-03-09 17:02:59 status unpacked apache2:amd64 2.4.29-1ubuntu4.12
2020-03-09 17:02:59 status unpacked apache2:amd64 2.4.29-1ubuntu4.12
2020-03-09 17:02:59 status unpacked apache2:amd64 2.4.29-1ubuntu4.12
2020-03-09 17:02:59 status unpacked apache2:amd64 2.4.29-1ubuntu4.12
2020-03-09 17:02:59 status unpacked apache2:amd64 2.4.29-1ubuntu4.12
2020-03-09 17:02:59 status unpacked apache2:amd64 2.4.29-1ubuntu4.12
2020-03-09 17:02:59 status unpacked apache2:amd64 2.4.29-1ubuntu4.12
2020-03-09 17:02:59 status unpacked apache2:amd64 2.4.29-1ubuntu4.12
2020-03-09 17:02:59 status unpacked apache2:amd64 2.4.29-1ubuntu4.12
2020-03-09 17:02:59 status unpacked apache2:amd64 2.4.29-1ubuntu4.12
2020-03-09 17:02:59 status unpacked apache2:amd64 2.4.29-1ubuntu4.12
2020-03-09 17:02:59 status unpacked apache2:amd64 2.4.29-1ubuntu4.12
2020-03-09 17:02:59 status unpacked apache2:amd64 2.4.29-1ubuntu4.12
2020-03-09 17:02:59 status unpacked apache2:amd64 2.4.29-1ubuntu4.12
2020-03-09 17:02:59 status unpacked apache2:amd64 2.4.29-1ubuntu4.12
2020-03-09 17:02:59 status unpacked apache2:amd64 2.4.29-1ubuntu4.12
2020-03-09 17:02:59 status unpacked apache2:amd64 2.4.29-1ubuntu4.12
2020-03-09 17:02:59 status unpacked apache2:amd64 2.4.29-1ubuntu4.12
2020-03-09 17:02:59 status unpacked apache2:amd64 2.4.29-1ubuntu4.12
2020-03-09 17:02:59 status unpacked apache2:amd64 2.4.29-1ubuntu4.12
2020-03-09 17:02:59 status unpacked apache2:amd64 2.4.29-1ubuntu4.12
2020-03-09 17:02:59 status unpacked apache2:amd64 2.4.29-1ubuntu4.12
2020-03-09 17:02:59 status unpacked apache2:amd64 2.4.29-1ubuntu4.12
2020-03-09 17:02:59 status unpacked apache2:amd64 2.4.29-1ubuntu4.12
2020-03-09 17:02:59 status unpacked apache2:amd64 2.4.29-1ubuntu4.12
2020-03-09 17:02:59 status unpacked apache2:amd64 2.4.29-1ubuntu4.12
2020-03-09 17:02:59 status unpacked apache2:amd64 2.4.29-1ubuntu4.12
2020-03-09 17:02:59 status unpacked apache2:amd64 2.4.29-1ubuntu4.12
2020-03-09 17:02:59 status unpacked apache2:amd64 2.4.29-1ubuntu4.12
2020-03-09 17:02:59 status unpacked apache2:amd64 2.4.29-1ubuntu4.12
2020-03-09 17:02:59 status unpacked apache2:amd64 2.4.29-1ubuntu4.12
2020-03-09 17:02:59 status unpacked apache2:amd64 2.4.29-1ubuntu4.12
2020-03-09 17:02:59 status unpacked apache2:amd64 2.4.29-1ubuntu4.12
2020-03-09 17:03:00 status unpacked apache2:amd64 2.4.29-1ubuntu4.12
2020-03-09 17:03:00 status unpacked apache2:amd64 2.4.29-1ubuntu4.12
2020-03-09 17:03:00 status unpacked apache2:amd64 2.4.29-1ubuntu4.12
2020-03-09 17:03:00 status unpacked apache2:amd64 2.4.29-1ubuntu4.12
2020-03-09 17:03:00 status unpacked apache2:amd64 2.4.29-1ubuntu4.12
2020-03-09 17:03:00 status unpacked apache2:amd64 2.4.29-1ubuntu4.12
2020-03-09 17:03:00 status unpacked apache2:amd64 2.4.29-1ubuntu4.12
2020-03-09 17:03:00 status unpacked apache2:amd64 2.4.29-1ubuntu4.12
2020-03-09 17:03:00 status unpacked apache2:amd64 2.4.29-1ubuntu4.12
2020-03-09 17:03:00 status unpacked apache2:amd64 2.4.29-1ubuntu4.12
2020-03-09 17:03:00 status unpacked apache2:amd64 2.4.29-1ubuntu4.12
2020-03-09 17:03:00 status unpacked apache2:amd64 2.4.29-1ubuntu4.12
2020-03-09 17:03:00 status unpacked apache2:amd64 2.4.29-1ubuntu4.12
2020-03-09 17:03:00 status half-configured apache2:amd64 2.4.29-1ubuntu4.12
2020-03-09 17:03:06 status installed apache2:amd64 2.4.29-1ubuntu4.12
2020-03-09 17:03:06 configure php7.2-cli:amd64 7.2.24-0ubuntu0.18.04.3 <none>
2020-03-09 17:03:06 status unpacked php7.2-cli:amd64 7.2.24-0ubuntu0.18.04.3
2020-03-09 17:03:06 status half-configured php7.2-cli:amd64 7.2.24-0ubuntu0.18.04.3
2020-03-09 17:03:07 status installed php7.2-cli:amd64 7.2.24-0ubuntu0.18.04.3
2020-03-09 17:03:07 configure libapache2-mod-php7.2:amd64 7.2.24-0ubuntu0.18.04.3 <none>
2020-03-09 17:03:07 status unpacked libapache2-mod-php7.2:amd64 7.2.24-0ubuntu0.18.04.3
2020-03-09 17:03:07 status unpacked libapache2-mod-php7.2:amd64 7.2.24-0ubuntu0.18.04.3
2020-03-09 17:03:07 status unpacked libapache2-mod-php7.2:amd64 7.2.24-0ubuntu0.18.04.3
2020-03-09 17:03:07 status half-configured libapache2-mod-php7.2:amd64 7.2.24-0ubuntu0.18.04.3
2020-03-09 17:03:10 status installed libapache2-mod-php7.2:amd64 7.2.24-0ubuntu0.18.04.3
2020-03-09 17:03:10 configure php7.2:all 7.2.24-0ubuntu0.18.04.3 <none>
2020-03-09 17:03:10 status unpacked php7.2:all 7.2.24-0ubuntu0.18.04.3
2020-03-09 17:03:10 status half-configured php7.2:all 7.2.24-0ubuntu0.18.04.3
2020-03-09 17:03:10 status installed php7.2:all 7.2.24-0ubuntu0.18.04.3
2020-03-09 17:03:10 configure php:all 1:7.2+60ubuntu1 <none>
2020-03-09 17:03:10 status unpacked php:all 1:7.2+60ubuntu1
2020-03-09 17:03:10 status half-configured php:all 1:7.2+60ubuntu1
2020-03-09 17:03:10 status installed php:all 1:7.2+60ubuntu1
2020-03-09 17:03:10 trigproc systemd:amd64 237-3ubuntu10.33 <none>
2020-03-09 17:03:10 status half-configured systemd:amd64 237-3ubuntu10.33
2020-03-09 17:03:11 status installed systemd:amd64 237-3ubuntu10.33
2020-03-09 17:03:11 trigproc man-db:amd64 2.8.3-2ubuntu0.1 <none>
2020-03-09 17:03:11 status half-configured man-db:amd64 2.8.3-2ubuntu0.1
2020-03-09 17:04:22 status installed man-db:amd64 2.8.3-2ubuntu0.1
2020-03-09 17:04:22 trigproc ufw:all 0.36-0ubuntu0.18.04.1 <none>
2020-03-09 17:04:22 status half-configured ufw:all 0.36-0ubuntu0.18.04.1
2020-03-09 17:04:23 status installed ufw:all 0.36-0ubuntu0.18.04.1
2020-03-09 17:04:23 trigproc ureadahead:amd64 0.100.0-21 <none>
2020-03-09 17:04:23 status half-configured ureadahead:amd64 0.100.0-21
2020-03-09 17:04:23 status installed ureadahead:amd64 0.100.0-21
2020-03-09 17:04:23 trigproc libc-bin:amd64 2.27-3ubuntu1 <none>
2020-03-09 17:04:23 status half-configured libc-bin:amd64 2.27-3ubuntu1
2020-03-09 17:04:23 status installed libc-bin:amd64 2.27-3ubuntu1
]0;vagrant@IT340Midterm: /var/log[01;32mvagrant@IT340Midterm[00m:[01;34m/var/log[00m$ cat dpkg.log[1Pfaillog/var/logls[Kcd /var/log
]0;vagrant@IT340Midterm: /var/log[01;32mvagrant@IT340Midterm[00m:[01;34m/var/log[00m$ cd /var/logat dpkg.log[1Pfaillog/var/logls[Kcd /var/logls[K
alternatives.log  [0m[01;34mapt[0m       boot.log       btmp          dpkg.log  [01;34mjournal[0m   [01;34mlandscape[0m  [01;34mlxd[0m    syslog    vboxadd-install.log  vboxadd-setup.log.1  wtmp
[01;34mapache2[0m           auth.log  bootstrap.log  [01;34mdist-upgrade[0m  faillog   kern.log  lastlog    [01;34msamba[0m  tallylog  vboxadd-setup.log    vboxadd-setup.log.2
]0;vagrant@IT340Midterm: /var/log[01;32mvagrant@IT340Midterm[00m:[01;34m/var/log[00m$ cat boot.log
cat: boot.log: Permission denied
]0;vagrant@IT340Midterm: /var/log[01;32mvagrant@IT340Midterm[00m:[01;34m/var/log[00m$ sudo cat boot.log
]0;vagrant@IT340Midterm: /var/log[01;32mvagrant@IT340Midterm[00m:[01;34m/var/log[00m$ sudho cat auth.log
bash: sudho: command not found
]0;vagrant@IT340Midterm: /var/log[01;32mvagrant@IT340Midterm[00m:[01;34m/var/log[00m$ sudho cat auth.log[1P
Feb  4 21:07:15 vagrant sudo: pam_unix(sudo:session): session closed for user root
Feb  4 21:07:15 vagrant sudo:  vagrant : TTY=unknown ; PWD=/home/vagrant ; USER=root ; COMMAND=/bin/sh -eux /tmp/script_3064.sh
Feb  4 21:07:15 vagrant sudo: pam_unix(sudo:session): session opened for user root by (uid=0)
Feb  4 21:11:34 vagrant sudo: pam_unix(sudo:session): session closed for user root
Feb  4 21:11:35 vagrant sudo:  vagrant : TTY=unknown ; PWD=/home/vagrant ; USER=root ; COMMAND=/sbin/shutdown -P now
Feb  4 21:11:35 vagrant sudo: pam_unix(sudo:session): session opened for user root by (uid=0)
Mar  9 17:01:48 vagrant systemd-logind[657]: New seat seat0.
Mar  9 17:01:48 vagrant systemd-logind[657]: Watching system buttons on /dev/input/event0 (Power Button)
Mar  9 17:01:48 vagrant systemd-logind[657]: Watching system buttons on /dev/input/event1 (Sleep Button)
Mar  9 17:01:48 vagrant systemd-logind[657]: Watching system buttons on /dev/input/event2 (AT Translated Set 2 keyboard)
Mar  9 17:01:50 vagrant sshd[828]: Server listening on 0.0.0.0 port 22.
Mar  9 17:01:50 vagrant sshd[828]: Server listening on :: port 22.
Mar  9 17:01:50 vagrant sshd[831]: Accepted publickey for vagrant from 10.0.2.2 port 51256 ssh2: RSA SHA256:1M4RzhMyWuFS/86uPY/ce2prh/dVTHW7iD2RhpquOZA
Mar  9 17:01:50 vagrant sshd[831]: pam_unix(sshd:session): session opened for user vagrant by (uid=0)
Mar  9 17:01:50 vagrant systemd: pam_unix(systemd-user:session): session opened for user vagrant by (uid=0)
Mar  9 17:01:50 vagrant systemd-logind[657]: New session 1 of user vagrant.
Mar  9 17:01:50 vagrant useradd[894]: failed adding user 'vboxadd', data deleted
Mar  9 17:01:50 vagrant useradd[896]: failed adding user 'vboxadd', data deleted
Mar  9 17:01:55 vagrant sshd[1095]: Accepted publickey for vagrant from 10.0.2.2 port 51258 ssh2: RSA SHA256:1M4RzhMyWuFS/86uPY/ce2prh/dVTHW7iD2RhpquOZA
Mar  9 17:01:55 vagrant sshd[1095]: pam_unix(sshd:session): session opened for user vagrant by (uid=0)
Mar  9 17:01:55 vagrant systemd-logind[657]: New session 3 of user vagrant.
Mar  9 17:02:01 vagrant sshd[918]: Connection reset by 10.0.2.2 port 51244 [preauth]
Mar  9 17:02:01 vagrant sshd[831]: pam_unix(sshd:session): session closed for user vagrant
Mar  9 17:02:03 vagrant sshd[1095]: pam_unix(sshd:session): session closed for user vagrant
Mar  9 17:02:03 vagrant systemd-logind[657]: Removed session 3.
Mar  9 17:02:03 vagrant sshd[1321]: Accepted publickey for vagrant from 10.0.2.2 port 51259 ssh2: RSA SHA256:hwZfdklWvkRv+DU4secrIxQ/80Sz0nCIFiTmPLOSx6M
Mar  9 17:02:03 vagrant sshd[1321]: pam_unix(sshd:session): session opened for user vagrant by (uid=0)
Mar  9 17:02:03 vagrant systemd-logind[657]: New session 4 of user vagrant.
Mar  9 17:02:05 vagrant systemd-logind[657]: Removed session 1.
Mar  9 17:02:05 vagrant sudo:  vagrant : TTY=unknown ; PWD=/home/vagrant ; USER=root ; COMMAND=/bin/bash -l
Mar  9 17:02:05 vagrant sudo: pam_unix(sudo:session): session opened for user root by (uid=0)
Mar  9 17:02:05 vagrant sudo: pam_unix(sudo:session): session closed for user root
Mar  9 17:02:06 vagrant sudo:  vagrant : TTY=unknown ; PWD=/home/vagrant ; USER=root ; COMMAND=/bin/bash -l
Mar  9 17:02:06 vagrant sudo: pam_unix(sudo:session): session opened for user root by (uid=0)
Mar  9 17:02:06 vagrant sudo: pam_unix(sudo:session): session closed for user root
Mar  9 17:02:06 vagrant sudo:  vagrant : TTY=unknown ; PWD=/home/vagrant ; USER=root ; COMMAND=/bin/bash -l
Mar  9 17:02:06 vagrant sudo: pam_unix(sudo:session): session opened for user root by (uid=0)
Mar  9 17:02:06 vagrant sudo: pam_unix(sudo:session): session closed for user root
Mar  9 17:02:06 vagrant sudo:  vagrant : TTY=unknown ; PWD=/home/vagrant ; USER=root ; COMMAND=/bin/bash -l
Mar  9 17:02:06 vagrant sudo: pam_unix(sudo:session): session opened for user root by (uid=0)
Mar  9 17:02:06 vagrant sudo: pam_unix(sudo:session): session closed for user root
Mar  9 17:02:07 vagrant sudo:  vagrant : TTY=unknown ; PWD=/home/vagrant ; USER=root ; COMMAND=/bin/bash -l
Mar  9 17:02:07 vagrant sudo: pam_unix(sudo:session): session opened for user root by (uid=0)
Mar  9 17:02:07 vagrant sudo: pam_unix(sudo:session): session closed for user root
Mar  9 17:02:07 vagrant sudo:  vagrant : TTY=unknown ; PWD=/home/vagrant ; USER=root ; COMMAND=/bin/bash -l
Mar  9 17:02:07 vagrant sudo: pam_unix(sudo:session): session opened for user root by (uid=0)
Mar  9 17:02:07 vagrant sudo: pam_unix(sudo:session): session closed for user root
Mar  9 17:02:07 vagrant sudo:  vagrant : TTY=unknown ; PWD=/home/vagrant ; USER=root ; COMMAND=/bin/bash -l
Mar  9 17:02:07 vagrant sudo: pam_unix(sudo:session): session opened for user root by (uid=0)
Mar  9 17:02:07 vagrant sudo: pam_unix(sudo:session): session closed for user root
Mar  9 17:02:08 vagrant sudo:  vagrant : TTY=unknown ; PWD=/home/vagrant ; USER=root ; COMMAND=/bin/bash -l
Mar  9 17:02:08 vagrant sudo: pam_unix(sudo:session): session opened for user root by (uid=0)
Mar  9 17:02:08 vagrant sudo: pam_unix(sudo:session): session closed for user root
Mar  9 17:02:09 vagrant sudo:  vagrant : TTY=unknown ; PWD=/home/vagrant ; USER=root ; COMMAND=/bin/bash -l
Mar  9 17:02:09 vagrant sudo: pam_unix(sudo:session): session opened for user root by (uid=0)
Mar  9 17:02:09 vagrant sudo: pam_unix(sudo:session): session closed for user root
Mar  9 17:02:09 vagrant sudo:  vagrant : TTY=unknown ; PWD=/home/vagrant ; USER=root ; COMMAND=/bin/bash -l
Mar  9 17:02:09 vagrant sudo: pam_unix(sudo:session): session opened for user root by (uid=0)
Mar  9 17:02:09 vagrant sudo: pam_unix(sudo:session): session closed for user root
Mar  9 17:02:09 vagrant sudo:  vagrant : TTY=unknown ; PWD=/home/vagrant ; USER=root ; COMMAND=/bin/bash -l
Mar  9 17:02:09 vagrant sudo: pam_unix(sudo:session): session opened for user root by (uid=0)
Mar  9 17:02:09 vagrant sudo: pam_unix(sudo:session): session closed for user root
Mar  9 17:02:09 vagrant sudo:  vagrant : TTY=unknown ; PWD=/home/vagrant ; USER=root ; COMMAND=/bin/bash -l
Mar  9 17:02:09 vagrant sudo: pam_unix(sudo:session): session opened for user root by (uid=0)
Mar  9 17:02:09 vagrant sudo: pam_unix(sudo:session): session closed for user root
Mar  9 17:02:10 vagrant sudo:  vagrant : TTY=unknown ; PWD=/home/vagrant ; USER=root ; COMMAND=/bin/bash -l
Mar  9 17:02:10 vagrant sudo: pam_unix(sudo:session): session opened for user root by (uid=0)
Mar  9 17:02:10 vagrant sudo: pam_unix(sudo:session): session closed for user root
Mar  9 17:02:10 vagrant sudo:  vagrant : TTY=unknown ; PWD=/home/vagrant ; USER=root ; COMMAND=/bin/bash -l
Mar  9 17:02:10 vagrant sudo: pam_unix(sudo:session): session opened for user root by (uid=0)
Mar  9 17:02:10 vagrant sudo:     root : TTY=unknown ; PWD=/home/vagrant ; USER=root ; COMMAND=./setup.sh
Mar  9 17:02:10 vagrant sudo: pam_unix(sudo:session): session opened for user root by (uid=0)
Mar  9 17:02:10 vagrant sudo:     root : TTY=unknown ; PWD=/home/vagrant ; USER=root ; COMMAND=/usr/bin/apt update -qq
Mar  9 17:02:10 vagrant sudo: pam_unix(sudo:session): session opened for user root by (uid=0)
Mar  9 17:02:32 vagrant sudo: pam_unix(sudo:session): session closed for user root
Mar  9 17:02:32 vagrant sudo:     root : TTY=unknown ; PWD=/home/vagrant ; USER=root ; COMMAND=/usr/bin/apt install -y -qq php git
Mar  9 17:02:32 vagrant sudo: pam_unix(sudo:session): session opened for user root by (uid=0)
Mar  9 17:02:43 vagrant groupadd[2219]: group added to /etc/group: name=ssl-cert, GID=116
Mar  9 17:02:43 vagrant groupadd[2219]: group added to /etc/gshadow: name=ssl-cert
Mar  9 17:02:43 vagrant groupadd[2219]: new group: name=ssl-cert, GID=116
Mar  9 17:04:28 vagrant sudo: pam_unix(sudo:session): session closed for user root
Mar  9 17:04:30 vagrant sudo:     root : TTY=unknown ; PWD=/home/vagrant ; USER=root ; COMMAND=/bin/systemctl stop apache2
Mar  9 17:04:30 vagrant sudo:     root : TTY=unknown ; PWD=/home/vagrant ; USER=root ; COMMAND=/bin/chown vagrant:vagrant /var/tmp/tmp.log
Mar  9 17:04:30 vagrant sudo:     root : TTY=unknown ; PWD=/home/vagrant ; USER=root ; COMMAND=/bin/chown vagrant:vagrant /home/vagrant/instructions.txt
Mar  9 17:04:30 vagrant sudo: pam_unix(sudo:session): session opened for user root by (uid=0)
Mar  9 17:04:30 vagrant sudo: message repeated 2 times: [ pam_unix(sudo:session): session opened for user root by (uid=0)]
Mar  9 17:04:30 vagrant sudo: pam_unix(sudo:session): session closed for user root
Mar  9 17:04:30 vagrant sudo: pam_unix(sudo:session): session closed for user root
Mar  9 17:04:30 vagrant sudo: pam_unix(sudo:session): session closed for user root
Mar  9 17:04:31 vagrant sudo:     root : TTY=unknown ; PWD=/home/vagrant ; USER=root ; COMMAND=/usr/bin/php -S 0.0.0.0:80
Mar  9 17:04:31 vagrant sudo: pam_unix(sudo:session): session opened for user root by (uid=0)
Mar  9 17:04:40 vagrant sudo:     root : TTY=unknown ; PWD=/home/vagrant ; USER=root ; COMMAND=/usr/sbin/ufw allow 22/tcp
Mar  9 17:04:40 vagrant sudo: pam_unix(sudo:session): session opened for user root by (uid=0)
Mar  9 17:04:40 vagrant sudo: pam_unix(sudo:session): session closed for user root
Mar  9 17:04:40 vagrant sudo:     root : TTY=unknown ; PWD=/home/vagrant ; USER=root ; COMMAND=/usr/sbin/ufw allow 2222/tcp
Mar  9 17:04:40 vagrant sudo: pam_unix(sudo:session): session opened for user root by (uid=0)
Mar  9 17:04:41 vagrant sudo: pam_unix(sudo:session): session closed for user root
Mar  9 17:04:41 vagrant sudo:     root : TTY=unknown ; PWD=/home/vagrant ; USER=root ; COMMAND=/usr/sbin/ufw --force enable
Mar  9 17:04:41 vagrant sudo: pam_unix(sudo:session): session opened for user root by (uid=0)
Mar  9 17:04:42 vagrant sudo: pam_unix(sudo:session): session closed for user root
Mar  9 17:04:42 vagrant sudo: message repeated 2 times: [ pam_unix(sudo:session): session closed for user root]
Mar  9 17:04:42 vagrant sshd[1321]: pam_unix(sshd:session): session closed for user vagrant
Mar  9 17:06:43 vagrant sshd[3437]: Accepted publickey for vagrant from 10.0.2.2 port 51276 ssh2: RSA SHA256:hwZfdklWvkRv+DU4secrIxQ/80Sz0nCIFiTmPLOSx6M
Mar  9 17:06:43 vagrant sshd[3437]: pam_unix(sshd:session): session opened for user vagrant by (uid=0)
Mar  9 17:06:43 vagrant systemd-logind[657]: New session 5 of user vagrant.
Mar  9 17:09:01 vagrant CRON[19389]: pam_unix(cron:session): session opened for user root by (uid=0)
Mar  9 17:09:01 vagrant CRON[19389]: pam_unix(cron:session): session closed for user root
Mar  9 17:11:29 vagrant sudo:  vagrant : TTY=pts/1 ; PWD=/var/log ; USER=root ; COMMAND=/bin/cat boot.log
Mar  9 17:11:29 vagrant sudo: pam_unix(sudo:session): session opened for user root by (uid=0)
Mar  9 17:11:29 vagrant sudo: pam_unix(sudo:session): session closed for user root
Mar  9 17:11:45 vagrant sudo:  vagrant : TTY=pts/1 ; PWD=/var/log ; USER=root ; COMMAND=/bin/cat auth.log
Mar  9 17:11:45 vagrant sudo: pam_unix(sudo:session): session opened for user root by (uid=0)
]0;vagrant@IT340Midterm: /var/log[01;32mvagrant@IT340Midterm[00m:[01;34m/var/log[00m$ ls
alternatives.log  [0m[01;34mapt[0m       boot.log       btmp          dpkg.log  [01;34mjournal[0m   [01;34mlandscape[0m  [01;34mlxd[0m    syslog    vboxadd-install.log  vboxadd-setup.log.1  wtmp
[01;34mapache2[0m           auth.log  bootstrap.log  [01;34mdist-upgrade[0m  faillog   kern.log  lastlog    [01;34msamba[0m  tallylog  vboxadd-setup.log    vboxadd-setup.log.2
]0;vagrant@IT340Midterm: /var/log[01;32mvagrant@IT340Midterm[00m:[01;34m/var/log[00m$ sd=[K[Kudo cat syslog
Feb  4 21:07:03 vagrant systemd[1]: Reloading.
Feb  4 21:11:35 vagrant systemd[1]: Stopped target Timers.
Feb  4 21:11:35 vagrant systemd[1]: Stopped Message of the Day.
Feb  4 21:11:35 vagrant systemd[1]: Stopped Discard unused blocks once a week.
Feb  4 21:11:35 vagrant systemd[1]: Stopped Daily Cleanup of Temporary Directories.
Feb  4 21:11:35 vagrant systemd[1]: Stopping LVM2 PV scan on device 8:1...
Feb  4 21:11:35 vagrant systemd[1]: Stopped target RPC Port Mapper.
Feb  4 21:11:35 vagrant systemd[1]: Closed Load/Save RF Kill Switch Status /dev/rfkill Watch.
Feb  4 21:11:35 vagrant systemd[1]: Stopping Authorization Manager...
Feb  4 21:11:35 vagrant systemd[1]: Stopped target System Time Synchronized.
Feb  4 21:11:35 vagrant systemd[1]: Stopped target Graphical Interface.
Feb  4 21:11:35 vagrant systemd[1]: Stopping Accounts Service...
Feb  4 21:11:35 vagrant systemd[1]: Stopping Availability of block devices...
Feb  4 21:11:35 vagrant systemd[1]: Stopped target Host and Network Name Lookups.
Feb  4 21:11:35 vagrant systemd[1]: Stopped target Network is Online.
Mar  9 17:01:48 vagrant kernel: [    0.000000] Linux version 4.15.0-76-generic (buildd@lcy01-amd64-029) (gcc version 7.4.0 (Ubuntu 7.4.0-1ubuntu1~18.04.1)) #86-Ubuntu SMP Fri Jan 17 17:24:28 UTC 2020 (Ubuntu 4.15.0-76.86-generic 4.15.18)
Mar  9 17:01:48 vagrant kernel: [    0.000000] Command line: BOOT_IMAGE=/boot/vmlinuz-4.15.0-76-generic root=/dev/mapper/vagrant--vg-root ro net.ifnames=0 biosdevname=0 quiet
Mar  9 17:01:48 vagrant kernel: [    0.000000] KERNEL supported cpus:
Mar  9 17:01:48 vagrant kernel: [    0.000000]   Intel GenuineIntel
Mar  9 17:01:48 vagrant kernel: [    0.000000]   AMD AuthenticAMD
Mar  9 17:01:48 vagrant kernel: [    0.000000]   Centaur CentaurHauls
Mar  9 17:01:48 vagrant kernel: [    0.000000] x86/fpu: Supporting XSAVE feature 0x001: 'x87 floating point registers'
Mar  9 17:01:48 vagrant kernel: [    0.000000] x86/fpu: Supporting XSAVE feature 0x002: 'SSE registers'
Mar  9 17:01:48 vagrant kernel: [    0.000000] x86/fpu: Supporting XSAVE feature 0x004: 'AVX registers'
Mar  9 17:01:48 vagrant kernel: [    0.000000] x86/fpu: xstate_offset[2]:  576, xstate_sizes[2]:  256
Mar  9 17:01:48 vagrant kernel: [    0.000000] x86/fpu: Enabled xstate features 0x7, context size is 832 bytes, using 'standard' format.
Mar  9 17:01:48 vagrant kernel: [    0.000000] e820: BIOS-provided physical RAM map:
Mar  9 17:01:48 vagrant kernel: [    0.000000] BIOS-e820: [mem 0x0000000000000000-0x000000000009fbff] usable
Mar  9 17:01:48 vagrant kernel: [    0.000000] BIOS-e820: [mem 0x000000000009fc00-0x000000000009ffff] reserved
Mar  9 17:01:48 vagrant kernel: [    0.000000] BIOS-e820: [mem 0x00000000000f0000-0x00000000000fffff] reserved
Mar  9 17:01:48 vagrant kernel: [    0.000000] BIOS-e820: [mem 0x0000000000100000-0x000000001ffeffff] usable
Mar  9 17:01:48 vagrant kernel: [    0.000000] BIOS-e820: [mem 0x000000001fff0000-0x000000001fffffff] ACPI data
Mar  9 17:01:48 vagrant kernel: [    0.000000] BIOS-e820: [mem 0x00000000fec00000-0x00000000fec00fff] reserved
Mar  9 17:01:48 vagrant kernel: [    0.000000] BIOS-e820: [mem 0x00000000fee00000-0x00000000fee00fff] reserved
Mar  9 17:01:48 vagrant kernel: [    0.000000] BIOS-e820: [mem 0x00000000fffc0000-0x00000000ffffffff] reserved
Mar  9 17:01:48 vagrant kernel: [    0.000000] NX (Execute Disable) protection: active
Mar  9 17:01:48 vagrant kernel: [    0.000000] SMBIOS 2.5 present.
Mar  9 17:01:48 vagrant kernel: [    0.000000] DMI: innotek GmbH VirtualBox/VirtualBox, BIOS VirtualBox 12/01/2006
Mar  9 17:01:48 vagrant kernel: [    0.000000] Hypervisor detected: KVM
Mar  9 17:01:48 vagrant kernel: [    0.000000] e820: update [mem 0x00000000-0x00000fff] usable ==> reserved
Mar  9 17:01:48 vagrant kernel: [    0.000000] e820: remove [mem 0x000a0000-0x000fffff] usable
Mar  9 17:01:48 vagrant kernel: [    0.000000] e820: last_pfn = 0x1fff0 max_arch_pfn = 0x400000000
Mar  9 17:01:48 vagrant kernel: [    0.000000] MTRR default type: uncachable
Mar  9 17:01:48 vagrant kernel: [    0.000000] MTRR variable ranges disabled:
Mar  9 17:01:48 vagrant kernel: [    0.000000] MTRR: Disabled
Mar  9 17:01:48 vagrant kernel: [    0.000000] x86/PAT: MTRRs disabled, skipping PAT initialization too.
Mar  9 17:01:48 vagrant kernel: [    0.000000] CPU MTRRs all blank - virtualized system.
Mar  9 17:01:48 vagrant kernel: [    0.000000] x86/PAT: Configuration [0-7]: WB  WT  UC- UC  WB  WT  UC- UC  
Mar  9 17:01:48 vagrant kernel: [    0.000000] found SMP MP-table at [mem 0x0009fff0-0x0009ffff]
Mar  9 17:01:48 vagrant kernel: [    0.000000] Scanning 1 areas for low memory corruption
Mar  9 17:01:48 vagrant kernel: [    0.000000] BRK [0x0dd8e000, 0x0dd8efff] PGTABLE
Mar  9 17:01:48 vagrant kernel: [    0.000000] BRK [0x0dd8f000, 0x0dd8ffff] PGTABLE
Mar  9 17:01:48 vagrant kernel: [    0.000000] BRK [0x0dd90000, 0x0dd90fff] PGTABLE
Mar  9 17:01:48 vagrant kernel: [    0.000000] BRK [0x0dd91000, 0x0dd91fff] PGTABLE
Mar  9 17:01:48 vagrant kernel: [    0.000000] BRK [0x0dd92000, 0x0dd92fff] PGTABLE
Mar  9 17:01:48 vagrant kernel: [    0.000000] RAMDISK: [mem 0x1aeda000-0x1e659fff]
Mar  9 17:01:48 vagrant kernel: [    0.000000] ACPI: Early table checksum verification disabled
Mar  9 17:01:48 vagrant kernel: [    0.000000] ACPI: RSDP 0x00000000000E0000 000024 (v02 VBOX  )
Mar  9 17:01:48 vagrant kernel: [    0.000000] ACPI: XSDT 0x000000001FFF0030 00003C (v01 VBOX   VBOXXSDT 00000001 ASL  00000061)
Mar  9 17:01:48 vagrant kernel: [    0.000000] ACPI: FACP 0x000000001FFF00F0 0000F4 (v04 VBOX   VBOXFACP 00000001 ASL  00000061)
Mar  9 17:01:48 vagrant kernel: [    0.000000] ACPI: DSDT 0x000000001FFF0470 002325 (v02 VBOX   VBOXBIOS 00000002 INTL 20100528)
Mar  9 17:01:48 vagrant kernel: [    0.000000] ACPI: FACS 0x000000001FFF0200 000040
Mar  9 17:01:48 vagrant kernel: [    0.000000] ACPI: FACS 0x000000001FFF0200 000040
Mar  9 17:01:48 vagrant kernel: [    0.000000] ACPI: APIC 0x000000001FFF0240 000054 (v02 VBOX   VBOXAPIC 00000001 ASL  00000061)
Mar  9 17:01:48 vagrant kernel: [    0.000000] ACPI: SSDT 0x000000001FFF02A0 0001CC (v01 VBOX   VBOXCPUT 00000002 INTL 20100528)
Mar  9 17:01:48 vagrant kernel: [    0.000000] ACPI: Local APIC address 0xfee00000
Mar  9 17:01:48 vagrant kernel: [    0.000000] No NUMA configuration found
Mar  9 17:01:48 vagrant kernel: [    0.000000] Faking a node at [mem 0x0000000000000000-0x000000001ffeffff]
Mar  9 17:01:48 vagrant kernel: [    0.000000] NODE_DATA(0) allocated [mem 0x1ffc5000-0x1ffeffff]
Mar  9 17:01:48 vagrant kernel: [    0.000000] kvm-clock: cpu 0, msr 0:1ff44001, primary cpu clock
Mar  9 17:01:48 vagrant kernel: [    0.000000] kvm-clock: Using msrs 4b564d01 and 4b564d00
Mar  9 17:01:48 vagrant kernel: [    0.000000] kvm-clock: using sched offset of 6942997025 cycles
Mar  9 17:01:48 vagrant kernel: [    0.000000] clocksource: kvm-clock: mask: 0xffffffffffffffff max_cycles: 0x1cd42e4dffb, max_idle_ns: 881590591483 ns
Mar  9 17:01:48 vagrant kernel: [    0.000000] Zone ranges:
Mar  9 17:01:48 vagrant kernel: [    0.000000]   DMA      [mem 0x0000000000001000-0x0000000000ffffff]
Mar  9 17:01:48 vagrant kernel: [    0.000000]   DMA32    [mem 0x0000000001000000-0x000000001ffeffff]
Mar  9 17:01:48 vagrant kernel: [    0.000000]   Normal   empty
Mar  9 17:01:48 vagrant kernel: [    0.000000]   Device   empty
Mar  9 17:01:48 vagrant kernel: [    0.000000] Movable zone start for each node
Mar  9 17:01:48 vagrant kernel: [    0.000000] Early memory node ranges
Mar  9 17:01:48 vagrant kernel: [    0.000000]   node   0: [mem 0x0000000000001000-0x000000000009efff]
Mar  9 17:01:48 vagrant kernel: [    0.000000]   node   0: [mem 0x0000000000100000-0x000000001ffeffff]
Mar  9 17:01:48 vagrant kernel: [    0.000000] Reserved but unavailable: 98 pages
Mar  9 17:01:48 vagrant kernel: [    0.000000] Initmem setup node 0 [mem 0x0000000000001000-0x000000001ffeffff]
Mar  9 17:01:48 vagrant kernel: [    0.000000] On node 0 totalpages: 130958
Mar  9 17:01:48 vagrant kernel: [    0.000000]   DMA zone: 64 pages used for memmap
Mar  9 17:01:48 vagrant kernel: [    0.000000]   DMA zone: 21 pages reserved
Mar  9 17:01:48 vagrant kernel: [    0.000000]   DMA zone: 3998 pages, LIFO batch:0
Mar  9 17:01:48 vagrant kernel: [    0.000000]   DMA32 zone: 1984 pages used for memmap
Mar  9 17:01:48 vagrant kernel: [    0.000000]   DMA32 zone: 126960 pages, LIFO batch:31
Mar  9 17:01:48 vagrant kernel: [    0.000000] ACPI: PM-Timer IO Port: 0x4008
Mar  9 17:01:48 vagrant kernel: [    0.000000] ACPI: Local APIC address 0xfee00000
Mar  9 17:01:48 vagrant kernel: [    0.000000] IOAPIC[0]: apic_id 1, version 32, address 0xfec00000, GSI 0-23
Mar  9 17:01:48 vagrant kernel: [    0.000000] ACPI: INT_SRC_OVR (bus 0 bus_irq 0 global_irq 2 dfl dfl)
Mar  9 17:01:48 vagrant kernel: [    0.000000] ACPI: INT_SRC_OVR (bus 0 bus_irq 9 global_irq 9 low level)
Mar  9 17:01:48 vagrant kernel: [    0.000000] ACPI: IRQ0 used by override.
Mar  9 17:01:48 vagrant kernel: [    0.000000] ACPI: IRQ9 used by override.
Mar  9 17:01:48 vagrant kernel: [    0.000000] Using ACPI (MADT) for SMP configuration information
Mar  9 17:01:48 vagrant kernel: [    0.000000] smpboot: Allowing 1 CPUs, 0 hotplug CPUs
Mar  9 17:01:48 vagrant kernel: [    0.000000] PM: Registered nosave memory: [mem 0x00000000-0x00000fff]
Mar  9 17:01:48 vagrant kernel: [    0.000000] PM: Registered nosave memory: [mem 0x0009f000-0x0009ffff]
Mar  9 17:01:48 vagrant kernel: [    0.000000] PM: Registered nosave memory: [mem 0x000a0000-0x000effff]
Mar  9 17:01:48 vagrant kernel: [    0.000000] PM: Registered nosave memory: [mem 0x000f0000-0x000fffff]
Mar  9 17:01:48 vagrant kernel: [    0.000000] e820: [mem 0x20000000-0xfebfffff] available for PCI devices
Mar  9 17:01:48 vagrant kernel: [    0.000000] Booting paravirtualized kernel on KVM
Mar  9 17:01:48 vagrant kernel: [    0.000000] clocksource: refined-jiffies: mask: 0xffffffff max_cycles: 0xffffffff, max_idle_ns: 7645519600211568 ns
Mar  9 17:01:48 vagrant kernel: [    0.000000] random: get_random_bytes called from start_kernel+0x99/0x4fd with crng_init=0
Mar  9 17:01:48 vagrant kernel: [    0.000000] setup_percpu: NR_CPUS:8192 nr_cpumask_bits:1 nr_cpu_ids:1 nr_node_ids:1
Mar  9 17:01:48 vagrant kernel: [    0.000000] percpu: Embedded 45 pages/cpu s147456 r8192 d28672 u2097152
Mar  9 17:01:48 vagrant kernel: [    0.000000] pcpu-alloc: s147456 r8192 d28672 u2097152 alloc=1*2097152
Mar  9 17:01:48 vagrant kernel: [    0.000000] pcpu-alloc: [0] 0 
Mar  9 17:01:48 vagrant kernel: [    0.000000] PV qspinlock hash table entries: 256 (order: 0, 4096 bytes)
Mar  9 17:01:48 vagrant kernel: [    0.000000] Built 1 zonelists, mobility grouping on.  Total pages: 128889
Mar  9 17:01:48 vagrant kernel: [    0.000000] Policy zone: DMA32
Mar  9 17:01:48 vagrant kernel: [    0.000000] Kernel command line: BOOT_IMAGE=/boot/vmlinuz-4.15.0-76-generic root=/dev/mapper/vagrant--vg-root ro net.ifnames=0 biosdevname=0 quiet
Mar  9 17:01:48 vagrant kernel: [    0.000000] Calgary: detecting Calgary via BIOS EBDA area
Mar  9 17:01:48 vagrant kernel: [    0.000000] Calgary: Unable to locate Rio Grande table in EBDA - bailing!
Mar  9 17:01:48 vagrant kernel: [    0.000000] Memory: 429532K/523832K available (12300K kernel code, 2481K rwdata, 4260K rodata, 2428K init, 2704K bss, 94300K reserved, 0K cma-reserved)
Mar  9 17:01:48 vagrant kernel: [    0.000000] SLUB: HWalign=64, Order=0-3, MinObjects=0, CPUs=1, Nodes=1
Mar  9 17:01:48 vagrant kernel: [    0.000000] Kernel/User page tables isolation: enabled
Mar  9 17:01:48 vagrant kernel: [    0.000000] ftrace: allocating 39322 entries in 154 pages
Mar  9 17:01:48 vagrant kernel: [    0.004000] Hierarchical RCU implementation.
Mar  9 17:01:48 vagrant kernel: [    0.004000] 	RCU restricting CPUs from NR_CPUS=8192 to nr_cpu_ids=1.
Mar  9 17:01:48 vagrant kernel: [    0.004000] 	Tasks RCU enabled.
Mar  9 17:01:48 vagrant kernel: [    0.004000] RCU: Adjusting geometry for rcu_fanout_leaf=16, nr_cpu_ids=1
Mar  9 17:01:48 vagrant kernel: [    0.004000] NR_IRQS: 524544, nr_irqs: 256, preallocated irqs: 16
Mar  9 17:01:48 vagrant kernel: [    0.004000] Console: colour VGA+ 80x25
Mar  9 17:01:48 vagrant kernel: [    0.004000] console [tty0] enabled
Mar  9 17:01:48 vagrant kernel: [    0.004000] ACPI: Core revision 20170831
Mar  9 17:01:48 vagrant kernel: [    0.004000] ACPI: 2 ACPI AML tables successfully acquired and loaded
Mar  9 17:01:48 vagrant kernel: [    0.004000] APIC: Switch to symmetric I/O mode setup
Mar  9 17:01:48 vagrant kernel: [    0.004000] x2apic enabled
Mar  9 17:01:48 vagrant kernel: [    0.004000] Switched APIC routing to physical x2apic.
Mar  9 17:01:48 vagrant kernel: [    0.004000] ..TIMER: vector=0x30 apic1=0 pin1=2 apic2=-1 pin2=-1
Mar  9 17:01:48 vagrant kernel: [    0.004000] tsc: Detected 2399.998 MHz processor
Mar  9 17:01:48 vagrant kernel: [    0.004000] Calibrating delay loop (skipped) preset value.. 4799.99 BogoMIPS (lpj=9599992)
Mar  9 17:01:48 vagrant kernel: [    0.004000] pid_max: default: 32768 minimum: 301
Mar  9 17:01:48 vagrant kernel: [    0.004000] Security Framework initialized
Mar  9 17:01:48 vagrant kernel: [    0.004000] Yama: becoming mindful.
Mar  9 17:01:48 vagrant kernel: [    0.004000] AppArmor: AppArmor initialized
Mar  9 17:01:48 vagrant kernel: [    0.004000] Dentry cache hash table entries: 65536 (order: 7, 524288 bytes)
Mar  9 17:01:48 vagrant kernel: [    0.004000] Inode-cache hash table entries: 32768 (order: 6, 262144 bytes)
Mar  9 17:01:48 vagrant kernel: [    0.004000] Mount-cache hash table entries: 1024 (order: 1, 8192 bytes)
Mar  9 17:01:48 vagrant kernel: [    0.004000] Mountpoint-cache hash table entries: 1024 (order: 1, 8192 bytes)
Mar  9 17:01:48 vagrant kernel: [    0.004484] process: using mwait in idle threads
Mar  9 17:01:48 vagrant kernel: [    0.004495] Last level iTLB entries: 4KB 64, 2MB 8, 4MB 8
Mar  9 17:01:48 vagrant kernel: [    0.004497] Last level dTLB entries: 4KB 64, 2MB 0, 4MB 0, 1GB 4
Mar  9 17:01:48 vagrant kernel: [    0.004499] Spectre V1 : Mitigation: usercopy/swapgs barriers and __user pointer sanitization
Mar  9 17:01:48 vagrant kernel: [    0.004502] Spectre V2 : Mitigation: Full generic retpoline
Mar  9 17:01:48 vagrant kernel: [    0.004503] Spectre V2 : Spectre v2 / SpectreRSB mitigation: Filling RSB on context switch
Mar  9 17:01:48 vagrant kernel: [    0.004505] Speculative Store Bypass: Vulnerable
Mar  9 17:01:48 vagrant kernel: [    0.004601] MDS: Mitigation: Clear CPU buffers
Mar  9 17:01:48 vagrant kernel: [    0.037889] Freeing SMP alternatives memory: 36K
Mar  9 17:01:48 vagrant kernel: [    0.150672] smpboot: CPU0: Intel(R) Core(TM) i5-9300H CPU @ 2.40GHz (family: 0x6, model: 0x9e, stepping: 0xa)
Mar  9 17:01:48 vagrant kernel: [    0.150812] Performance Events: unsupported p6 CPU model 158 no PMU driver, software events only.
Mar  9 17:01:48 vagrant kernel: [    0.150869] Hierarchical SRCU implementation.
Mar  9 17:01:48 vagrant kernel: [    0.152000] NMI watchdog: Perf event create on CPU 0 failed with -2
Mar  9 17:01:48 vagrant kernel: [    0.152000] NMI watchdog: Perf NMI watchdog permanently disabled
Mar  9 17:01:48 vagrant kernel: [    0.152000] smp: Bringing up secondary CPUs ...
Mar  9 17:01:48 vagrant kernel: [    0.152000] smp: Brought up 1 node, 1 CPU
Mar  9 17:01:48 vagrant kernel: [    0.152000] smpboot: Max logical packages: 1
Mar  9 17:01:48 vagrant kernel: [    0.152000] smpboot: Total of 1 processors activated (4799.99 BogoMIPS)
Mar  9 17:01:48 vagrant kernel: [    0.152000] devtmpfs: initialized
Mar  9 17:01:48 vagrant kernel: [    0.152000] x86/mm: Memory block size: 128MB
Mar  9 17:01:48 vagrant kernel: [    0.152000] evm: security.selinux
Mar  9 17:01:48 vagrant kernel: [    0.152000] evm: security.SMACK64
Mar  9 17:01:48 vagrant kernel: [    0.152000] evm: security.SMACK64EXEC
Mar  9 17:01:48 vagrant kernel: [    0.152000] evm: security.SMACK64TRANSMUTE
Mar  9 17:01:48 vagrant kernel: [    0.152000] evm: security.SMACK64MMAP
Mar  9 17:01:48 vagrant kernel: [    0.152000] evm: security.apparmor
Mar  9 17:01:48 vagrant kernel: [    0.152000] evm: security.ima
Mar  9 17:01:48 vagrant kernel: [    0.152000] evm: security.capability
Mar  9 17:01:48 vagrant kernel: [    0.152000] clocksource: jiffies: mask: 0xffffffff max_cycles: 0xffffffff, max_idle_ns: 7645041785100000 ns
Mar  9 17:01:48 vagrant kernel: [    0.152000] futex hash table entries: 256 (order: 2, 16384 bytes)
Mar  9 17:01:48 vagrant kernel: [    0.152000] pinctrl core: initialized pinctrl subsystem
Mar  9 17:01:48 vagrant kernel: [    0.152000] RTC time: 17:01:38, date: 03/09/20
Mar  9 17:01:48 vagrant kernel: [    0.152000] NET: Registered protocol family 16
Mar  9 17:01:48 vagrant kernel: [    0.152000] audit: initializing netlink subsys (disabled)
Mar  9 17:01:48 vagrant kernel: [    0.152000] cpuidle: using governor ladder
Mar  9 17:01:48 vagrant kernel: [    0.152000] cpuidle: using governor menu
Mar  9 17:01:48 vagrant kernel: [    0.152000] ACPI: bus type PCI registered
Mar  9 17:01:48 vagrant kernel: [    0.152000] acpiphp: ACPI Hot Plug PCI Controller Driver version: 0.5
Mar  9 17:01:48 vagrant kernel: [    0.152000] PCI: Using configuration type 1 for base access
Mar  9 17:01:48 vagrant kernel: [    0.153644] audit: type=2000 audit(1583773307.096:1): state=initialized audit_enabled=0 res=1
Mar  9 17:01:48 vagrant kernel: [    0.153767] HugeTLB registered 2.00 MiB page size, pre-allocated 0 pages
Mar  9 17:01:48 vagrant kernel: [    0.154049] ACPI: Added _OSI(Module Device)
Mar  9 17:01:48 vagrant kernel: [    0.154051] ACPI: Added _OSI(Processor Device)
Mar  9 17:01:48 vagrant kernel: [    0.154052] ACPI: Added _OSI(3.0 _SCP Extensions)
Mar  9 17:01:48 vagrant kernel: [    0.154054] ACPI: Added _OSI(Processor Aggregator Device)
Mar  9 17:01:48 vagrant kernel: [    0.154056] ACPI: Added _OSI(Linux-Dell-Video)
Mar  9 17:01:48 vagrant kernel: [    0.154058] ACPI: Added _OSI(Linux-Lenovo-NV-HDMI-Audio)
Mar  9 17:01:48 vagrant kernel: [    0.154060] ACPI: Added _OSI(Linux-HPI-Hybrid-Graphics)
Mar  9 17:01:48 vagrant kernel: [    0.154743] ACPI: Executed 1 blocks of module-level executable AML code
Mar  9 17:01:48 vagrant kernel: [    0.163644] ACPI: Interpreter enabled
Mar  9 17:01:48 vagrant kernel: [    0.163665] ACPI: (supports S0 S5)
Mar  9 17:01:48 vagrant kernel: [    0.163667] ACPI: Using IOAPIC for interrupt routing
Mar  9 17:01:48 vagrant kernel: [    0.164326] PCI: Using host bridge windows from ACPI; if necessary, use "pci=nocrs" and report a bug
Mar  9 17:01:48 vagrant kernel: [    0.164724] ACPI: Enabled 2 GPEs in block 00 to 07
Mar  9 17:01:48 vagrant kernel: [    0.180672] ACPI: PCI Root Bridge [PCI0] (domain 0000 [bus 00-ff])
Mar  9 17:01:48 vagrant kernel: [    0.180681] acpi PNP0A03:00: _OSC: OS supports [ASPM ClockPM Segments MSI]
Mar  9 17:01:48 vagrant kernel: [    0.182020] acpi PNP0A03:00: _OSC: not requesting OS control; OS requires [ExtendedConfig ASPM ClockPM MSI]
Mar  9 17:01:48 vagrant kernel: [    0.182038] acpi PNP0A03:00: fail to add MMCONFIG information, can't access extended PCI configuration space under this bridge.
Mar  9 17:01:48 vagrant kernel: [    0.183006] PCI host bridge to bus 0000:00
Mar  9 17:01:48 vagrant kernel: [    0.183010] pci_bus 0000:00: root bus resource [io  0x0000-0x0cf7 window]
Mar  9 17:01:48 vagrant kernel: [    0.183013] pci_bus 0000:00: root bus resource [io  0x0d00-0xffff window]
Mar  9 17:01:48 vagrant kernel: [    0.183015] pci_bus 0000:00: root bus resource [mem 0x000a0000-0x000bffff window]
Mar  9 17:01:48 vagrant kernel: [    0.183017] pci_bus 0000:00: root bus resource [mem 0x20000000-0xfdffffff window]
Mar  9 17:01:48 vagrant kernel: [    0.183020] pci_bus 0000:00: root bus resource [bus 00-ff]
Mar  9 17:01:48 vagrant kernel: [    0.183117] pci 0000:00:00.0: [8086:1237] type 00 class 0x060000
Mar  9 17:01:48 vagrant kernel: [    0.185448] pci 0000:00:01.0: [8086:7000] type 00 class 0x060100
Mar  9 17:01:48 vagrant kernel: [    0.187317] pci 0000:00:01.1: [8086:7111] type 00 class 0x01018a
Mar  9 17:01:48 vagrant kernel: [    0.188230] pci 0000:00:01.1: reg 0x20: [io  0xd000-0xd00f]
Mar  9 17:01:48 vagrant kernel: [    0.188597] pci 0000:00:01.1: legacy IDE quirk: reg 0x10: [io  0x01f0-0x01f7]
Mar  9 17:01:48 vagrant kernel: [    0.188599] pci 0000:00:01.1: legacy IDE quirk: reg 0x14: [io  0x03f6]
Mar  9 17:01:48 vagrant kernel: [    0.188601] pci 0000:00:01.1: legacy IDE quirk: reg 0x18: [io  0x0170-0x0177]
Mar  9 17:01:48 vagrant kernel: [    0.188603] pci 0000:00:01.1: legacy IDE quirk: reg 0x1c: [io  0x0376]
Mar  9 17:01:48 vagrant kernel: [    0.189277] pci 0000:00:02.0: [80ee:beef] type 00 class 0x030000
Mar  9 17:01:48 vagrant kernel: [    0.190266] pci 0000:00:02.0: reg 0x10: [mem 0xe0000000-0xe07fffff pref]
Mar  9 17:01:48 vagrant kernel: [    0.194788] pci 0000:00:03.0: [8086:100e] type 00 class 0x020000
Mar  9 17:01:48 vagrant kernel: [    0.195611] pci 0000:00:03.0: reg 0x10: [mem 0xf0000000-0xf001ffff]
Mar  9 17:01:48 vagrant kernel: [    0.196597] pci 0000:00:03.0: reg 0x18: [io  0xd010-0xd017]
Mar  9 17:01:48 vagrant kernel: [    0.199570] pci 0000:00:04.0: [80ee:cafe] type 00 class 0x088000
Mar  9 17:01:48 vagrant kernel: [    0.200211] pci 0000:00:04.0: reg 0x10: [io  0xd020-0xd03f]
Mar  9 17:01:48 vagrant kernel: [    0.200707] pci 0000:00:04.0: reg 0x14: [mem 0xf0400000-0xf07fffff]
Mar  9 17:01:48 vagrant kernel: [    0.201197] pci 0000:00:04.0: reg 0x18: [mem 0xf0800000-0xf0803fff pref]
Mar  9 17:01:48 vagrant kernel: [    0.203802] pci 0000:00:07.0: [8086:7113] type 00 class 0x068000
Mar  9 17:01:48 vagrant kernel: [    0.205056] pci 0000:00:07.0: quirk: [io  0x4000-0x403f] claimed by PIIX4 ACPI
Mar  9 17:01:48 vagrant kernel: [    0.205082] pci 0000:00:07.0: quirk: [io  0x4100-0x410f] claimed by PIIX4 SMB
Mar  9 17:01:48 vagrant kernel: [    0.205867] pci 0000:00:08.0: [8086:100e] type 00 class 0x020000
Mar  9 17:01:48 vagrant kernel: [    0.206599] pci 0000:00:08.0: reg 0x10: [mem 0xf0820000-0xf083ffff]
Mar  9 17:01:48 vagrant kernel: [    0.207482] pci 0000:00:08.0: reg 0x18: [io  0xd040-0xd047]
Mar  9 17:01:48 vagrant kernel: [    0.210473] pci 0000:00:0d.0: [8086:2829] type 00 class 0x010601
Mar  9 17:01:48 vagrant kernel: [    0.211268] pci 0000:00:0d.0: reg 0x10: [io  0xd048-0xd04f]
Mar  9 17:01:48 vagrant kernel: [    0.211805] pci 0000:00:0d.0: reg 0x14: [io  0xd050-0xd053]
Mar  9 17:01:48 vagrant kernel: [    0.212482] pci 0000:00:0d.0: reg 0x18: [io  0xd058-0xd05f]
Mar  9 17:01:48 vagrant kernel: [    0.212990] pci 0000:00:0d.0: reg 0x1c: [io  0xd060-0xd063]
Mar  9 17:01:48 vagrant kernel: [    0.213478] pci 0000:00:0d.0: reg 0x20: [io  0xd070-0xd07f]
Mar  9 17:01:48 vagrant kernel: [    0.213996] pci 0000:00:0d.0: reg 0x24: [mem 0xf0840000-0xf0841fff]
Mar  9 17:01:48 vagrant kernel: [    0.219319] ACPI: PCI Interrupt Link [LNKA] (IRQs 5 9 10 *11)
Mar  9 17:01:48 vagrant kernel: [    0.220264] ACPI: PCI Interrupt Link [LNKB] (IRQs 5 9 *10 11)
Mar  9 17:01:48 vagrant kernel: [    0.220604] ACPI: PCI Interrupt Link [LNKC] (IRQs 5 *9 10 11)
Mar  9 17:01:48 vagrant kernel: [    0.220913] ACPI: PCI Interrupt Link [LNKD] (IRQs 5 9 10 *11)
Mar  9 17:01:48 vagrant kernel: [    0.221694] SCSI subsystem initialized
Mar  9 17:01:48 vagrant kernel: [    0.221793] libata version 3.00 loaded.
Mar  9 17:01:48 vagrant kernel: [    0.221887] pci 0000:00:02.0: vgaarb: setting as boot VGA device
Mar  9 17:01:48 vagrant kernel: [    0.221896] pci 0000:00:02.0: vgaarb: VGA device added: decodes=io+mem,owns=io+mem,locks=none
Mar  9 17:01:48 vagrant kernel: [    0.221900] pci 0000:00:02.0: vgaarb: bridge control possible
Mar  9 17:01:48 vagrant kernel: [    0.221902] vgaarb: loaded
Mar  9 17:01:48 vagrant kernel: [    0.221946] ACPI: bus type USB registered
Mar  9 17:01:48 vagrant kernel: [    0.221978] usbcore: registered new interface driver usbfs
Mar  9 17:01:48 vagrant kernel: [    0.221990] usbcore: registered new interface driver hub
Mar  9 17:01:48 vagrant kernel: [    0.222008] usbcore: registered new device driver usb
Mar  9 17:01:48 vagrant kernel: [    0.222107] EDAC MC: Ver: 3.0.0
Mar  9 17:01:48 vagrant kernel: [    0.222737] PCI: Using ACPI for IRQ routing
Mar  9 17:01:48 vagrant kernel: [    0.222740] PCI: pci_cache_line_size set to 64 bytes
Mar  9 17:01:48 vagrant kernel: [    0.223142] e820: reserve RAM buffer [mem 0x0009fc00-0x0009ffff]
Mar  9 17:01:48 vagrant kernel: [    0.223150] e820: reserve RAM buffer [mem 0x1fff0000-0x1fffffff]
Mar  9 17:01:48 vagrant kernel: [    0.223337] NetLabel: Initializing
Mar  9 17:01:48 vagrant kernel: [    0.223338] NetLabel:  domain hash size = 128
Mar  9 17:01:48 vagrant kernel: [    0.223339] NetLabel:  protocols = UNLABELED CIPSOv4 CALIPSO
Mar  9 17:01:48 vagrant kernel: [    0.223371] NetLabel:  unlabeled traffic allowed by default
Mar  9 17:01:48 vagrant kernel: [    0.224560] clocksource: Switched to clocksource kvm-clock
Mar  9 17:01:48 vagrant kernel: [    0.248430] VFS: Disk quotas dquot_6.6.0
Mar  9 17:01:48 vagrant kernel: [    0.248456] VFS: Dquot-cache hash table entries: 512 (order 0, 4096 bytes)
Mar  9 17:01:48 vagrant kernel: [    0.248642] AppArmor: AppArmor Filesystem Enabled
Mar  9 17:01:48 vagrant kernel: [    0.248688] pnp: PnP ACPI init
Mar  9 17:01:48 vagrant kernel: [    0.248816] pnp 00:00: Plug and Play ACPI device, IDs PNP0303 (active)
Mar  9 17:01:48 vagrant kernel: [    0.248968] pnp 00:01: Plug and Play ACPI device, IDs PNP0f03 (active)
Mar  9 17:01:48 vagrant kernel: [    0.250969] pnp: PnP ACPI: found 2 devices
Mar  9 17:01:48 vagrant kernel: [    0.259675] clocksource: acpi_pm: mask: 0xffffff max_cycles: 0xffffff, max_idle_ns: 2085701024 ns
Mar  9 17:01:48 vagrant kernel: [    0.259695] pci_bus 0000:00: resource 4 [io  0x0000-0x0cf7 window]
Mar  9 17:01:48 vagrant kernel: [    0.259699] pci_bus 0000:00: resource 5 [io  0x0d00-0xffff window]
Mar  9 17:01:48 vagrant kernel: [    0.259702] pci_bus 0000:00: resource 6 [mem 0x000a0000-0x000bffff window]
Mar  9 17:01:48 vagrant kernel: [    0.259709] pci_bus 0000:00: resource 7 [mem 0x20000000-0xfdffffff window]
Mar  9 17:01:48 vagrant kernel: [    0.259904] NET: Registered protocol family 2
Mar  9 17:01:48 vagrant kernel: [    0.260361] TCP established hash table entries: 4096 (order: 3, 32768 bytes)
Mar  9 17:01:48 vagrant kernel: [    0.260394] TCP bind hash table entries: 4096 (order: 4, 65536 bytes)
Mar  9 17:01:48 vagrant kernel: [    0.260412] TCP: Hash tables configured (established 4096 bind 4096)
Mar  9 17:01:48 vagrant kernel: [    0.260547] UDP hash table entries: 256 (order: 1, 8192 bytes)
Mar  9 17:01:48 vagrant kernel: [    0.260552] UDP-Lite hash table entries: 256 (order: 1, 8192 bytes)
Mar  9 17:01:48 vagrant kernel: [    0.260604] NET: Registered protocol family 1
Mar  9 17:01:48 vagrant kernel: [    0.260642] pci 0000:00:00.0: Limiting direct PCI/PCI transfers
Mar  9 17:01:48 vagrant kernel: [    0.260744] pci 0000:00:01.0: Activating ISA DMA hang workarounds
Mar  9 17:01:48 vagrant kernel: [    0.260977] pci 0000:00:02.0: Video device with shadowed ROM at [mem 0x000c0000-0x000dffff]
Mar  9 17:01:48 vagrant kernel: [    0.261259] PCI: CLS 0 bytes, default 64
Mar  9 17:01:48 vagrant kernel: [    0.261357] Unpacking initramfs...
Mar  9 17:01:48 vagrant kernel: [    2.224080] Freeing initrd memory: 56832K
Mar  9 17:01:48 vagrant kernel: [    2.224293] clocksource: tsc: mask: 0xffffffffffffffff max_cycles: 0x229835b7123, max_idle_ns: 440795242976 ns
Mar  9 17:01:48 vagrant kernel: [    2.224353] platform rtc_cmos: registered platform RTC device (no PNP device found)
Mar  9 17:01:48 vagrant kernel: [    2.224381] Scanning for low memory corruption every 60 seconds
Mar  9 17:01:48 vagrant kernel: [    2.225356] Initialise system trusted keyrings
Mar  9 17:01:48 vagrant kernel: [    2.225369] Key type blacklist registered
Mar  9 17:01:48 vagrant kernel: [    2.225553] workingset: timestamp_bits=36 max_order=17 bucket_order=0
Mar  9 17:01:48 vagrant kernel: [    2.235093] zbud: loaded
Mar  9 17:01:48 vagrant kernel: [    2.236253] squashfs: version 4.0 (2009/01/31) Phillip Lougher
Mar  9 17:01:48 vagrant kernel: [    2.236603] fuse init (API version 7.26)
Mar  9 17:01:48 vagrant kernel: [    2.238075] Key type asymmetric registered
Mar  9 17:01:48 vagrant kernel: [    2.238077] Asymmetric key parser 'x509' registered
Mar  9 17:01:48 vagrant kernel: [    2.238131] Block layer SCSI generic (bsg) driver version 0.4 loaded (major 246)
Mar  9 17:01:48 vagrant kernel: [    2.238177] io scheduler noop registered
Mar  9 17:01:48 vagrant kernel: [    2.238178] io scheduler deadline registered
Mar  9 17:01:48 vagrant kernel: [    2.238256] io scheduler cfq registered (default)
Mar  9 17:01:48 vagrant kernel: [    2.238721] ACPI: AC Adapter [AC] (off-line)
Mar  9 17:01:48 vagrant kernel: [    2.238811] input: Power Button as /devices/LNXSYSTM:00/LNXPWRBN:00/input/input0
Mar  9 17:01:48 vagrant kernel: [    2.238838] ACPI: Power Button [PWRF]
Mar  9 17:01:48 vagrant kernel: [    2.238990] input: Sleep Button as /devices/LNXSYSTM:00/LNXSLPBN:00/input/input1
Mar  9 17:01:48 vagrant kernel: [    2.239002] ACPI: Sleep Button [SLPF]
Mar  9 17:01:48 vagrant kernel: [    2.241521] ACPI: Battery Slot [BAT0] (battery present)
Mar  9 17:01:48 vagrant kernel: [    2.241584] Serial: 8250/16550 driver, 32 ports, IRQ sharing enabled
Mar  9 17:01:48 vagrant kernel: [    2.244777] Linux agpgart interface v0.103
Mar  9 17:01:48 vagrant kernel: [    2.246830] loop: module loaded
Mar  9 17:01:48 vagrant kernel: [    2.247078] ata_piix 0000:00:01.1: version 2.13
Mar  9 17:01:48 vagrant kernel: [    2.247836] scsi host0: ata_piix
Mar  9 17:01:48 vagrant kernel: [    2.247947] scsi host1: ata_piix
Mar  9 17:01:48 vagrant kernel: [    2.248035] ata1: PATA max UDMA/33 cmd 0x1f0 ctl 0x3f6 bmdma 0xd000 irq 14
Mar  9 17:01:48 vagrant kernel: [    2.248037] ata2: PATA max UDMA/33 cmd 0x170 ctl 0x376 bmdma 0xd008 irq 15
Mar  9 17:01:48 vagrant kernel: [    2.248067] libphy: Fixed MDIO Bus: probed
Mar  9 17:01:48 vagrant kernel: [    2.248067] tun: Universal TUN/TAP device driver, 1.6
Mar  9 17:01:48 vagrant kernel: [    2.248750] PPP generic driver version 2.4.2
Mar  9 17:01:48 vagrant kernel: [    2.248825] ehci_hcd: USB 2.0 'Enhanced' Host Controller (EHCI) Driver
Mar  9 17:01:48 vagrant kernel: [    2.248829] ehci-pci: EHCI PCI platform driver
Mar  9 17:01:48 vagrant kernel: [    2.248853] ehci-platform: EHCI generic platform driver
Mar  9 17:01:48 vagrant kernel: [    2.248866] ohci_hcd: USB 1.1 'Open' Host Controller (OHCI) Driver
Mar  9 17:01:48 vagrant kernel: [    2.248869] ohci-pci: OHCI PCI platform driver
Mar  9 17:01:48 vagrant kernel: [    2.248882] ohci-platform: OHCI generic platform driver
Mar  9 17:01:48 vagrant kernel: [    2.248891] uhci_hcd: USB Universal Host Controller Interface driver
Mar  9 17:01:48 vagrant kernel: [    2.249004] i8042: PNP: PS/2 Controller [PNP0303:PS2K,PNP0f03:PS2M] at 0x60,0x64 irq 1,12
Mar  9 17:01:48 vagrant kernel: [    2.249979] serio: i8042 KBD port at 0x60,0x64 irq 1
Mar  9 17:01:48 vagrant kernel: [    2.250059] serio: i8042 AUX port at 0x60,0x64 irq 12
Mar  9 17:01:48 vagrant kernel: [    2.250244] mousedev: PS/2 mouse device common for all mice
Mar  9 17:01:48 vagrant kernel: [    2.251093] input: AT Translated Set 2 keyboard as /devices/platform/i8042/serio0/input/input2
Mar  9 17:01:48 vagrant kernel: [    2.251912] rtc_cmos rtc_cmos: rtc core: registered rtc_cmos as rtc0
Mar  9 17:01:48 vagrant kernel: [    2.252031] rtc_cmos rtc_cmos: alarms up to one day, 114 bytes nvram
Mar  9 17:01:48 vagrant kernel: [    2.252045] i2c /dev entries driver
Mar  9 17:01:48 vagrant kernel: [    2.252136] device-mapper: uevent: version 1.0.3
Mar  9 17:01:48 vagrant kernel: [    2.252241] device-mapper: ioctl: 4.37.0-ioctl (2017-09-20) initialised: dm-devel@redhat.com
Mar  9 17:01:48 vagrant kernel: [    2.252256] ledtrig-cpu: registered to indicate activity on CPUs
Mar  9 17:01:48 vagrant kernel: [    2.253320] intel_pmc_core:  initialized
Mar  9 17:01:48 vagrant kernel: [    2.253701] NET: Registered protocol family 10
Mar  9 17:01:48 vagrant kernel: [    2.262054] Segment Routing with IPv6
Mar  9 17:01:48 vagrant kernel: [    2.262105] NET: Registered protocol family 17
Mar  9 17:01:48 vagrant kernel: [    2.262163] Key type dns_resolver registered
Mar  9 17:01:48 vagrant kernel: [    2.262362] mce: Using 0 MCE banks
Mar  9 17:01:48 vagrant kernel: [    2.262376] RAS: Correctable Errors collector initialized.
Mar  9 17:01:48 vagrant kernel: [    2.262398] sched_clock: Marking stable (2260305579, 0)->(2381407537, -121101958)
Mar  9 17:01:48 vagrant kernel: [    2.262680] registered taskstats version 1
Mar  9 17:01:48 vagrant kernel: [    2.262695] Loading compiled-in X.509 certificates
Mar  9 17:01:48 vagrant kernel: [    2.267820] Loaded X.509 cert 'Build time autogenerated kernel key: 665cd2b89e03521f57c41865f552ebce30a0c7fb'
Mar  9 17:01:48 vagrant kernel: [    2.267851] zswap: loaded using pool lzo/zbud
Mar  9 17:01:48 vagrant kernel: [    2.274534] Key type big_key registered
Mar  9 17:01:48 vagrant kernel: [    2.274540] Key type trusted registered
Mar  9 17:01:48 vagrant kernel: [    2.278022] Key type encrypted registered
Mar  9 17:01:48 vagrant kernel: [    2.278026] AppArmor: AppArmor sha1 policy hashing enabled
Mar  9 17:01:48 vagrant kernel: [    2.278043] ima: No TPM chip found, activating TPM-bypass! (rc=-19)
Mar  9 17:01:48 vagrant kernel: [    2.278050] ima: Allocated hash algorithm: sha1
Mar  9 17:01:48 vagrant kernel: [    2.278069] evm: HMAC attrs: 0x1
Mar  9 17:01:48 vagrant kernel: [    2.278738]   Magic number: 12:421:36
Mar  9 17:01:48 vagrant kernel: [    2.278755] bdi 7:1: hash matches
Mar  9 17:01:48 vagrant kernel: [    2.278758] misc loop-control: hash matches
Mar  9 17:01:48 vagrant kernel: [    2.278876] rtc_cmos rtc_cmos: setting system clock to 2020-03-09 17:01:40 UTC (1583773300)
Mar  9 17:01:48 vagrant kernel: [    2.279006] BIOS EDD facility v0.16 2004-Jun-25, 0 devices found
Mar  9 17:01:48 vagrant kernel: [    2.279007] EDD information not available.
Mar  9 17:01:48 vagrant kernel: [    2.444769] Freeing unused kernel image memory: 2428K
Mar  9 17:01:48 vagrant kernel: [    2.452085] Write protecting the kernel read-only data: 20480k
Mar  9 17:01:48 vagrant kernel: [    2.453802] Freeing unused kernel image memory: 2008K
Mar  9 17:01:48 vagrant kernel: [    2.454654] Freeing unused kernel image memory: 1884K
Mar  9 17:01:48 vagrant kernel: [    2.481780] x86/mm: Checked W+X mappings: passed, no W+X pages found.
Mar  9 17:01:48 vagrant kernel: [    2.481784] x86/mm: Checking user space page tables
Mar  9 17:01:48 vagrant kernel: [    2.506760] x86/mm: Checked W+X mappings: passed, no W+X pages found.
Mar  9 17:01:48 vagrant kernel: [    2.771384] ACPI: Video Device [GFX0] (multi-head: yes  rom: no  post: no)
Mar  9 17:01:48 vagrant kernel: [    2.771588] input: Video Bus as /devices/LNXSYSTM:00/LNXSYBUS:00/PNP0A03:00/LNXVIDEO:00/input/input4
Mar  9 17:01:48 vagrant kernel: [    2.794627] piix4_smbus 0000:00:07.0: SMBus Host Controller at 0x4100, revision 0
Mar  9 17:01:48 vagrant kernel: [    2.803984] ahci 0000:00:0d.0: version 3.0
Mar  9 17:01:48 vagrant kernel: [    2.807413] e1000: Intel(R) PRO/1000 Network Driver - version 7.3.21-k8-NAPI
Mar  9 17:01:48 vagrant kernel: [    2.807414] e1000: Copyright (c) 1999-2006 Intel Corporation.
Mar  9 17:01:48 vagrant kernel: [    2.810120] ahci 0000:00:0d.0: SSS flag set, parallel bus scan disabled
Mar  9 17:01:48 vagrant kernel: [    2.810297] ahci 0000:00:0d.0: AHCI 0001.0100 32 slots 1 ports 3 Gbps 0x1 impl SATA mode
Mar  9 17:01:48 vagrant kernel: [    2.810300] ahci 0000:00:0d.0: flags: 64bit ncq stag only ccc 
Mar  9 17:01:48 vagrant kernel: [    2.826920] scsi host2: ahci
Mar  9 17:01:48 vagrant kernel: [    2.827063] ata3: SATA max UDMA/133 abar m8192@0xf0840000 port 0xf0840100 irq 21
Mar  9 17:01:48 vagrant kernel: [    2.881772] AVX2 version of gcm_enc/dec engaged.
Mar  9 17:01:48 vagrant kernel: [    2.881774] AES CTR mode by8 optimization enabled
Mar  9 17:01:48 vagrant kernel: [    2.947680] vboxvideo: loading out-of-tree module taints kernel.
Mar  9 17:01:48 vagrant kernel: [    2.947710] vboxvideo: module verification failed: signature and/or required key missing - tainting kernel
Mar  9 17:01:48 vagrant kernel: [    3.042883] input: ImExPS/2 Generic Explorer Mouse as /devices/platform/i8042/serio1/input/input5
Mar  9 17:01:48 vagrant kernel: [    3.143169] ata3: SATA link up 3.0 Gbps (SStatus 123 SControl 300)
Mar  9 17:01:48 vagrant kernel: [    3.143568] ata3.00: ATA-6: VBOX HARDDISK, 1.0, max UDMA/133
Mar  9 17:01:48 vagrant kernel: [    3.143571] ata3.00: 134217728 sectors, multi 128: LBA48 NCQ (depth 31/32)
Mar  9 17:01:48 vagrant kernel: [    3.149403] ata3.00: configured for UDMA/133
Mar  9 17:01:48 vagrant kernel: [    3.149668] scsi 2:0:0:0: Direct-Access     ATA      VBOX HARDDISK    1.0  PQ: 0 ANSI: 5
Mar  9 17:01:48 vagrant kernel: [    3.150004] sd 2:0:0:0: [sda] 134217728 512-byte logical blocks: (68.7 GB/64.0 GiB)
Mar  9 17:01:48 vagrant kernel: [    3.150018] sd 2:0:0:0: [sda] Write Protect is off
Mar  9 17:01:48 vagrant kernel: [    3.150020] sd 2:0:0:0: [sda] Mode Sense: 00 3a 00 00
Mar  9 17:01:48 vagrant kernel: [    3.150041] sd 2:0:0:0: [sda] Write cache: enabled, read cache: enabled, doesn't support DPO or FUA
Mar  9 17:01:48 vagrant kernel: [    3.150422] sd 2:0:0:0: Attached scsi generic sg0 type 0
Mar  9 17:01:48 vagrant kernel: [    3.157007]  sda: sda1
Mar  9 17:01:48 vagrant kernel: [    3.157344] sd 2:0:0:0: [sda] Attached SCSI disk
Mar  9 17:01:48 vagrant kernel: [    3.338845] random: lvm: uninitialized urandom read (4 bytes read)
Mar  9 17:01:48 vagrant kernel: [    3.411029] random: lvm: uninitialized urandom read (2 bytes read)
Mar  9 17:01:48 vagrant kernel: [    3.450788] e1000 0000:00:03.0 eth0: (PCI:33MHz:32-bit) 08:00:27:8b:d5:11
Mar  9 17:01:48 vagrant kernel: [    3.450796] e1000 0000:00:03.0 eth0: Intel(R) PRO/1000 Network Connection
Mar  9 17:01:48 vagrant kernel: [    3.454341] [drm] VRAM 00800000
Mar  9 17:01:48 vagrant kernel: [    3.458624] [TTM] Zone  kernel: Available graphics memory: 246360 kiB
Mar  9 17:01:48 vagrant kernel: [    3.458625] [TTM] Initializing pool allocator
Mar  9 17:01:48 vagrant kernel: [    3.458631] [TTM] Initializing DMA pool allocator
Mar  9 17:01:48 vagrant kernel: [    3.462790] fbcon: vboxdrmfb (fb0) is primary device
Mar  9 17:01:48 vagrant kernel: [    3.470680] Console: switching to colour frame buffer device 100x37
Mar  9 17:01:48 vagrant kernel: [    3.472454] vboxvideo 0000:00:02.0: fb0: vboxdrmfb frame buffer device
Mar  9 17:01:48 vagrant kernel: [    3.472661] [drm] Initialized vboxvideo 1.0.0 20130823 for 0000:00:02.0 on minor 0
Mar  9 17:01:48 vagrant kernel: [    3.974196] e1000 0000:00:08.0 eth1: (PCI:33MHz:32-bit) 08:00:27:58:d2:45
Mar  9 17:01:48 vagrant kernel: [    3.974202] e1000 0000:00:08.0 eth1: Intel(R) PRO/1000 Network Connection
Mar  9 17:01:48 vagrant kernel: [    4.372329] raid6: sse2x1   gen()  5045 MB/s
Mar  9 17:01:48 vagrant kernel: [    4.420135] raid6: sse2x1   xor()  3615 MB/s
Mar  9 17:01:48 vagrant kernel: [    4.468442] raid6: sse2x2   gen()  6125 MB/s
Mar  9 17:01:48 vagrant kernel: [    4.516071] raid6: sse2x2   xor()  4008 MB/s
Mar  9 17:01:48 vagrant kernel: [    4.564102] raid6: sse2x4   gen()  6879 MB/s
Mar  9 17:01:48 vagrant kernel: [    4.612434] raid6: sse2x4   xor()  3881 MB/s
Mar  9 17:01:48 vagrant kernel: [    4.660273] raid6: avx2x1   gen()  8697 MB/s
Mar  9 17:01:48 vagrant kernel: [    4.708069] raid6: avx2x1   xor()  6670 MB/s
Mar  9 17:01:48 vagrant kernel: [    4.756072] raid6: avx2x2   gen() 12326 MB/s
Mar  9 17:01:48 vagrant kernel: [    4.804065] raid6: avx2x2   xor()  7665 MB/s
Mar  9 17:01:48 vagrant kernel: [    4.852537] raid6: avx2x4   gen() 12890 MB/s
Mar  9 17:01:48 vagrant kernel: [    4.900487] raid6: avx2x4   xor()  8232 MB/s
Mar  9 17:01:48 vagrant kernel: [    4.900490] raid6: using algorithm avx2x4 gen() 12890 MB/s
Mar  9 17:01:48 vagrant kernel: [    4.900491] raid6: .... xor() 8232 MB/s, rmw enabled
Mar  9 17:01:48 vagrant kernel: [    4.900493] raid6: using avx2x2 recovery algorithm
Mar  9 17:01:48 vagrant kernel: [    4.904833] xor: automatically using best checksumming function   avx       
Mar  9 17:01:48 vagrant kernel: [    4.908521] async_tx: api initialized (async)
Mar  9 17:01:48 vagrant kernel: [    4.993478] random: lvm: uninitialized urandom read (4 bytes read)
Mar  9 17:01:48 vagrant kernel: [    5.035934] random: lvm: uninitialized urandom read (4 bytes read)
Mar  9 17:01:48 vagrant kernel: [    5.120115] Btrfs loaded, crc32c=crc32c-intel
Mar  9 17:01:48 vagrant kernel: [    5.263801] random: fast init done
Mar  9 17:01:48 vagrant kernel: [    5.279324] EXT4-fs (dm-0): mounted filesystem with ordered data mode. Opts: (null)
Mar  9 17:01:48 vagrant kernel: [    5.279628] random: systemd-udevd: uninitialized urandom read (16 bytes read)
Mar  9 17:01:48 vagrant kernel: [    5.607042] ip_tables: (C) 2000-2006 Netfilter Core Team
Mar  9 17:01:48 vagrant kernel: [    5.619933] systemd[1]: systemd 237 running in system mode. (+PAM +AUDIT +SELINUX +IMA +APPARMOR +SMACK +SYSVINIT +UTMP +LIBCRYPTSETUP +GCRYPT +GNUTLS +ACL +XZ +LZ4 +SECCOMP +BLKID +ELFUTILS +KMOD -IDN2 +IDN -PCRE2 default-hierarchy=hybrid)
Mar  9 17:01:48 vagrant kernel: [    5.619994] systemd[1]: Detected virtualization oracle.
Mar  9 17:01:48 vagrant kernel: [    5.620002] systemd[1]: Detected architecture x86-64.
Mar  9 17:01:48 vagrant kernel: [    5.623783] systemd[1]: Set hostname to <vagrant>.
Mar  9 17:01:48 vagrant kernel: [    5.630448] systemd[1]: Initializing machine ID from random generator.
Mar  9 17:01:48 vagrant kernel: [    5.630517] systemd[1]: Installed transient /etc/machine-id file.
Mar  9 17:01:48 vagrant kernel: [    5.999082] systemd[1]: Reached target System Time Synchronized.
Mar  9 17:01:48 vagrant kernel: [    6.000643] systemd[1]: Created slice System Slice.
Mar  9 17:01:48 vagrant kernel: [    6.000857] systemd[1]: Listening on Journal Socket.
Mar  9 17:01:48 vagrant kernel: [    6.000977] systemd[1]: Listening on LVM2 metadata daemon socket.
Mar  9 17:01:48 vagrant kernel: [    6.144291] Loading iSCSI transport class v2.0-870.
Mar  9 17:01:48 vagrant kernel: [    6.219143] EXT4-fs (dm-0): re-mounted. Opts: errors=remount-ro
Mar  9 17:01:48 vagrant kernel: [    6.307243] iscsi: registered transport (tcp)
Mar  9 17:01:48 vagrant kernel: [    6.356688] RPC: Registered named UNIX socket transport module.
Mar  9 17:01:48 vagrant kernel: [    6.356690] RPC: Registered udp transport module.
Mar  9 17:01:48 vagrant kernel: [    6.356691] RPC: Registered tcp transport module.
Mar  9 17:01:48 vagrant kernel: [    6.356692] RPC: Registered tcp NFSv4.1 backchannel transport module.
Mar  9 17:01:48 vagrant kernel: [    6.556980] iscsi: registered transport (iser)
Mar  9 17:01:48 vagrant kernel: [    6.769691] systemd-journald[407]: Received request to flush runtime journal from PID 1
Mar  9 17:01:48 vagrant kernel: [    7.788759] e1000: eth0 NIC Link is Up 1000 Mbps Full Duplex, Flow Control: RX
Mar  9 17:01:48 vagrant kernel: [    7.793636] IPv6: ADDRCONF(NETDEV_UP): eth0: link is not ready
Mar  9 17:01:48 vagrant kernel: [    7.796247] IPv6: ADDRCONF(NETDEV_CHANGE): eth0: link becomes ready
Mar  9 17:01:48 vagrant kernel: [    7.892338] audit: type=1400 audit(1583773306.112:2): apparmor="STATUS" operation="profile_load" profile="unconfined" name="lxc-container-default" pid=514 comm="apparmor_parser"
Mar  9 17:01:48 vagrant kernel: [    7.892344] audit: type=1400 audit(1583773306.112:3): apparmor="STATUS" operation="profile_load" profile="unconfined" name="lxc-container-default-cgns" pid=514 comm="apparmor_parser"
Mar  9 17:01:48 vagrant kernel: [    7.892347] audit: type=1400 audit(1583773306.112:4): apparmor="STATUS" operation="profile_load" profile="unconfined" name="lxc-container-default-with-mounting" pid=514 comm="apparmor_parser"
Mar  9 17:01:48 vagrant kernel: [    7.892350] audit: type=1400 audit(1583773306.112:5): apparmor="STATUS" operation="profile_load" profile="unconfined" name="lxc-container-default-with-nesting" pid=514 comm="apparmor_parser"
Mar  9 17:01:48 vagrant kernel: [    7.910908] audit: type=1400 audit(1583773306.128:6): apparmor="STATUS" operation="profile_load" profile="unconfined" name="/sbin/dhclient" pid=515 comm="apparmor_parser"
Mar  9 17:01:48 vagrant kernel: [    7.910912] audit: type=1400 audit(1583773306.128:7): apparmor="STATUS" operation="profile_load" profile="unconfined" name="/usr/lib/NetworkManager/nm-dhcp-client.action" pid=515 comm="apparmor_parser"
Mar  9 17:01:48 vagrant kernel: [    7.910915] audit: type=1400 audit(1583773306.128:8): apparmor="STATUS" operation="profile_load" profile="unconfined" name="/usr/lib/NetworkManager/nm-dhcp-helper" pid=515 comm="apparmor_parser"
Mar  9 17:01:48 vagrant kernel: [    7.910918] audit: type=1400 audit(1583773306.128:9): apparmor="STATUS" operation="profile_load" profile="unconfined" name="/usr/lib/connman/scripts/dhclient-script" pid=515 comm="apparmor_parser"
Mar  9 17:01:48 vagrant kernel: [    7.919455] audit: type=1400 audit(1583773306.136:10): apparmor="STATUS" operation="profile_load" profile="unconfined" name="/usr/bin/lxc-start" pid=516 comm="apparmor_parser"
Mar  9 17:01:48 vagrant kernel: [    7.932549] audit: type=1400 audit(1583773306.152:11): apparmor="STATUS" operation="profile_load" profile="unconfined" name="/usr/bin/man" pid=517 comm="apparmor_parser"
Mar  9 17:01:48 vagrant kernel: [    8.271017] random: crng init done
Mar  9 17:01:48 vagrant kernel: [    8.271020] random: 5 urandom warning(s) missed due to ratelimiting
Mar  9 17:01:48 vagrant kernel: [    8.529556] vgdrvHeartbeatInit: Setting up heartbeat to trigger every 2000 milliseconds
Mar  9 17:01:48 vagrant kernel: [    8.535211] input: Unspecified device as /devices/pci0000:00/0000:00:04.0/input/input6
Mar  9 17:01:48 vagrant kernel: [    8.546623] vboxguest: Successfully loaded version 6.1.2
Mar  9 17:01:48 vagrant kernel: [    8.546650] vboxguest: misc device minor 55, IRQ 20, I/O port d020, MMIO at 00000000f0400000 (size 0x400000)
Mar  9 17:01:48 vagrant kernel: [    8.546652] vboxguest: Successfully loaded version 6.1.2 (interface 0x00010004)
Mar  9 17:01:48 vagrant kernel: [    8.652703] RAPL PMU: API unit is 2^-32 Joules, 5 fixed counters, 10737418240 ms ovfl timer
Mar  9 17:01:48 vagrant kernel: [    8.652705] RAPL PMU: hw unit of domain pp0-core 2^-0 Joules
Mar  9 17:01:48 vagrant kernel: [    8.652706] RAPL PMU: hw unit of domain package 2^-0 Joules
Mar  9 17:01:48 vagrant kernel: [    8.652708] RAPL PMU: hw unit of domain dram 2^-0 Joules
Mar  9 17:01:48 vagrant kernel: [    8.652709] RAPL PMU: hw unit of domain pp1-gpu 2^-0 Joules
Mar  9 17:01:48 vagrant kernel: [    8.652710] RAPL PMU: hw unit of domain psys 2^-0 Joules
Mar  9 17:01:48 vagrant kernel: [    9.519460] Adding 1003516k swap on /dev/mapper/vagrant--vg-swap_1.  Priority:-2 extents:1 across:1003516k FS
Mar  9 17:01:48 vagrant kernel: [    9.606824] new mount options do not match the existing superblock, will be ignored
Mar  9 17:01:48 vagrant systemd-modules-load[397]: Inserted module 'iscsi_tcp'
Mar  9 17:01:48 vagrant systemd-udevd[423]: Network interface NamePolicy= disabled on kernel command line, ignoring.
Mar  9 17:01:48 vagrant systemd-modules-load[397]: Inserted module 'ib_iser'
Mar  9 17:01:48 vagrant systemd[1]: Starting Flush Journal to Persistent Storage...
Mar  9 17:01:48 vagrant systemd[1]: Started udev Coldplug all Devices.
Mar  9 17:01:48 vagrant lvm[404]:   2 logical volume(s) in volume group "vagrant-vg" monitored
Mar  9 17:01:48 vagrant systemd[1]: Started Flush Journal to Persistent Storage.
Mar  9 17:01:48 vagrant systemd[1]: Started Set the console keyboard layout.
Mar  9 17:01:48 vagrant systemd[1]: Started Dispatch Password Requests to Console Directory Watch.
Mar  9 17:01:48 vagrant systemd[1]: Reached target Local Encrypted Volumes.
Mar  9 17:01:48 vagrant systemd[1]: Reached target Local File Systems (Pre).
Mar  9 17:01:48 vagrant systemd[1]: Reached target Local File Systems.
Mar  9 17:01:48 vagrant systemd[1]: Starting Tell Plymouth To Write Out Runtime Data...
Mar  9 17:01:48 vagrant systemd[1]: Starting Commit a transient machine-id on disk...
Mar  9 17:01:48 vagrant systemd[1]: Starting Create Volatile Files and Directories...
Mar  9 17:01:48 vagrant systemd[1]: Starting Preprocess NFS configuration...
Mar  9 17:01:48 vagrant systemd[1]: Starting Set console font and keymap...
Mar  9 17:01:48 vagrant systemd[1]: Starting ebtables ruleset management...
Mar  9 17:01:48 vagrant systemd[1]: Starting AppArmor initialization...
Mar  9 17:01:48 vagrant systemd[1]: Started Tell Plymouth To Write Out Runtime Data.
Mar  9 17:01:48 vagrant systemd[1]: Started Preprocess NFS configuration.
Mar  9 17:01:48 vagrant systemd[1]: Reached target NFS client services.
Mar  9 17:01:48 vagrant systemd[1]: Started Set console font and keymap.
Mar  9 17:01:48 vagrant systemd[1]: Started Commit a transient machine-id on disk.
Mar  9 17:01:48 vagrant systemd[1]: Started Create Volatile Files and Directories.
Mar  9 17:01:48 vagrant systemd[1]: Starting Update UTMP about System Boot/Shutdown...
Mar  9 17:01:48 vagrant systemd[1]: Starting RPC bind portmap service...
Mar  9 17:01:48 vagrant systemd[1]: Started RPC bind portmap service.
Mar  9 17:01:48 vagrant systemd[1]: Reached target RPC Port Mapper.
Mar  9 17:01:48 vagrant systemd[1]: Started Update UTMP about System Boot/Shutdown.
Mar  9 17:01:48 vagrant apparmor[451]:  * Starting AppArmor profiles
Mar  9 17:01:48 vagrant systemd[1]: Started ebtables ruleset management.
Mar  9 17:01:48 vagrant systemd[1]: Reached target Network (Pre).
Mar  9 17:01:48 vagrant systemd[1]: Starting Network Service...
Mar  9 17:01:48 vagrant systemd-networkd[466]: Enumeration completed
Mar  9 17:01:48 vagrant systemd[1]: Started Network Service.
Mar  9 17:01:48 vagrant systemd[1]: Starting Wait for Network to be Configured...
Mar  9 17:01:48 vagrant systemd[1]: Starting Network Name Resolution...
Mar  9 17:01:48 vagrant systemd-networkd[466]: lo: Link is not managed by us
Mar  9 17:01:48 vagrant systemd-networkd[466]: eth1: Link is not managed by us
Mar  9 17:01:48 vagrant systemd-networkd-wait-online[501]: ignoring: lo
Mar  9 17:01:48 vagrant systemd-networkd-wait-online[501]: message repeated 6 times: [ ignoring: lo]
Mar  9 17:01:48 vagrant systemd-networkd[466]: eth0: Gained carrier
Mar  9 17:01:48 vagrant systemd-networkd-wait-online[501]: ignoring: lo
Mar  9 17:01:48 vagrant systemd-networkd[466]: eth0: DHCPv4 address 10.0.2.15/24 via 10.0.2.2
Mar  9 17:01:48 vagrant systemd-networkd-wait-online[501]: ignoring: lo
Mar  9 17:01:48 vagrant systemd-networkd-wait-online[501]: ignoring: lo
Mar  9 17:01:48 vagrant apparmor[451]: Skipping profile in /etc/apparmor.d/disable: usr.sbin.rsyslogd
Mar  9 17:01:48 vagrant apparmor[451]:    ...done.
Mar  9 17:01:48 vagrant systemd[1]: Started AppArmor initialization.
Mar  9 17:01:48 vagrant systemd[1]: Starting Raise network interfaces...
Mar  9 17:01:48 vagrant systemd-resolved[502]: Positive Trust Anchors:
Mar  9 17:01:48 vagrant systemd-resolved[502]: . IN DS 19036 8 2 49aac11d7b6f6446702e54a1607371607a1a41855200fd2ce1cdde32f24e8fb5
Mar  9 17:01:48 vagrant systemd-resolved[502]: . IN DS 20326 8 2 e06d44b80b8f1d39a95c0b0d7c65d08458e880409bbc683457104237c7f8ec8d
Mar  9 17:01:48 vagrant systemd-resolved[502]: Negative trust anchors: 10.in-addr.arpa 16.172.in-addr.arpa 17.172.in-addr.arpa 18.172.in-addr.arpa 19.172.in-addr.arpa 20.172.in-addr.arpa 21.172.in-addr.arpa 22.172.in-addr.arpa 23.172.in-addr.arpa 24.172.in-addr.arpa 25.172.in-addr.arpa 26.172.in-addr.arpa 27.172.in-addr.arpa 28.172.in-addr.arpa 29.172.in-addr.arpa 30.172.in-addr.arpa 31.172.in-addr.arpa 168.192.in-addr.arpa d.f.ip6.arpa corp home internal intranet lan local private test
Mar  9 17:01:48 vagrant systemd-resolved[502]: Using system hostname 'vagrant'.
Mar  9 17:01:48 vagrant systemd[1]: Started Network Name Resolution.
Mar  9 17:01:48 vagrant systemd[1]: Reached target Host and Network Name Lookups.
Mar  9 17:01:48 vagrant systemd[1]: Started Raise network interfaces.
Mar  9 17:01:48 vagrant systemd[1]: Reached target Network.
Mar  9 17:01:48 vagrant systemd-udevd[438]: link_config: autonegotiation is unset or enabled, the speed and duplex are not writable.
Mar  9 17:01:48 vagrant systemd-udevd[436]: link_config: autonegotiation is unset or enabled, the speed and duplex are not writable.
Mar  9 17:01:48 vagrant systemd[1]: Listening on Load/Save RF Kill Switch Status /dev/rfkill Watch.
Mar  9 17:01:48 vagrant systemd-udevd[438]: link_config: autonegotiation is unset or enabled, the speed and duplex are not writable.
Mar  9 17:01:48 vagrant systemd-networkd[466]: eth0: Gained IPv6LL
Mar  9 17:01:48 vagrant systemd-networkd[466]: eth0: Configured
Mar  9 17:01:48 vagrant systemd-networkd-wait-online[501]: ignoring: lo
Mar  9 17:01:48 vagrant systemd-networkd-wait-online[501]: managing: eth0
Mar  9 17:01:48 vagrant systemd[1]: Started Wait for Network to be Configured.
Mar  9 17:01:48 vagrant systemd[1]: Reached target Network is Online.
Mar  9 17:01:48 vagrant systemd[1]: Starting Availability of block devices...
Mar  9 17:01:48 vagrant systemd[1]: Reached target Remote File Systems (Pre).
Mar  9 17:01:48 vagrant systemd[1]: Reached target Remote File Systems.
Mar  9 17:01:48 vagrant systemd[1]: Started Availability of block devices.
Mar  9 17:01:48 vagrant systemd[1]: Found device /dev/mapper/vagrant--vg-swap_1.
Mar  9 17:01:48 vagrant systemd[1]: Activating swap /dev/mapper/vagrant--vg-swap_1...
Mar  9 17:01:48 vagrant systemd[1]: Activated swap /dev/mapper/vagrant--vg-swap_1.
Mar  9 17:01:48 vagrant systemd[1]: Reached target Swap.
Mar  9 17:01:48 vagrant systemd[1]: Reached target System Initialization.
Mar  9 17:01:48 vagrant systemd[1]: Starting LXD - unix socket.
Mar  9 17:01:48 vagrant systemd[1]: Listening on ACPID Listen Socket.
Mar  9 17:01:48 vagrant systemd[1]: Started Message of the Day.
Mar  9 17:01:48 vagrant systemd[1]: Started ACPI Events Check.
Mar  9 17:01:48 vagrant systemd[1]: Starting Socket activation for snappy daemon.
Mar  9 17:01:48 vagrant systemd[1]: Listening on D-Bus System Message Bus Socket.
Mar  9 17:01:48 vagrant systemd[1]: Reached target Paths.
Mar  9 17:01:48 vagrant systemd[1]: Started Discard unused blocks once a week.
Mar  9 17:01:48 vagrant systemd[1]: Listening on Open-iSCSI iscsid Socket.
Mar  9 17:01:48 vagrant systemd[1]: Started Daily Cleanup of Temporary Directories.
Mar  9 17:01:48 vagrant systemd[1]: Reached target Timers.
Mar  9 17:01:48 vagrant systemd[1]: Listening on UUID daemon activation socket.
Mar  9 17:01:48 vagrant systemd[1]: Listening on LXD - unix socket.
Mar  9 17:01:48 vagrant systemd[1]: Listening on Socket activation for snappy daemon.
Mar  9 17:01:48 vagrant systemd[1]: Reached target Sockets.
Mar  9 17:01:48 vagrant systemd[1]: Reached target Basic System.
Mar  9 17:01:48 vagrant systemd[1]: Starting Login Service...
Mar  9 17:01:48 vagrant systemd[1]: Started Deferred execution scheduler.
Mar  9 17:01:48 vagrant systemd[1]: Starting Dispatcher daemon for systemd-networkd...
Mar  9 17:01:48 vagrant systemd[1]: Started FUSE filesystem for LXC.
Mar  9 17:01:48 vagrant systemd[1]: Started Regular background program processing daemon.
Mar  9 17:01:48 vagrant systemd[1]: Starting System Logging Service...
Mar  9 17:01:48 vagrant lxcfs[660]: mount namespace: 5
Mar  9 17:01:48 vagrant lxcfs[660]: hierarchies:
Mar  9 17:01:48 vagrant lxcfs[660]:   0: fd:   6: devices
Mar  9 17:01:48 vagrant lxcfs[660]:   1: fd:   7: rdma
Mar  9 17:01:48 vagrant lxcfs[660]:   2: fd:   8: perf_event
Mar  9 17:01:48 vagrant lxcfs[660]:   3: fd:   9: net_cls,net_prio
Mar  9 17:01:48 vagrant lxcfs[660]:   4: fd:  10: cpuset
Mar  9 17:01:48 vagrant lxcfs[660]:   5: fd:  11: freezer
Mar  9 17:01:48 vagrant lxcfs[660]:   6: fd:  12: memory
Mar  9 17:01:48 vagrant lxcfs[660]:   7: fd:  13: blkio
Mar  9 17:01:48 vagrant lxcfs[660]:   8: fd:  14: pids
Mar  9 17:01:48 vagrant lxcfs[660]:   9: fd:  15: cpu,cpuacct
Mar  9 17:01:48 vagrant lxcfs[660]:  10: fd:  16: hugetlb
Mar  9 17:01:48 vagrant lxcfs[660]:  11: fd:  17: name=systemd
Mar  9 17:01:48 vagrant lxcfs[660]:  12: fd:  18: unified
Mar  9 17:01:48 vagrant systemd[1]: Started irqbalance daemon.
Mar  9 17:01:48 vagrant systemd[1]: Starting vboxadd.service...
Mar  9 17:01:48 vagrant systemd[1]: Starting LXD - container startup/shutdown...
Mar  9 17:01:48 vagrant systemd[1]: Started D-Bus System Message Bus.
Mar  9 17:01:48 vagrant cron[661]: (CRON) INFO (pidfile fd = 3)
Mar  9 17:01:48 vagrant /usr/sbin/irqbalance: Balancing is ineffective on systems with a single cpu.  Shutting down
Mar  9 17:01:48 vagrant cron[661]: (CRON) INFO (Running @reboot jobs)
Mar  9 17:01:48 vagrant rsyslogd: imuxsock: Acquired UNIX socket '/run/systemd/journal/syslog' (fd 3) from systemd.  [v8.32.0]
Mar  9 17:01:48 vagrant rsyslogd: rsyslogd's groupid changed to 106
Mar  9 17:01:48 vagrant rsyslogd: rsyslogd's userid changed to 102
Mar  9 17:01:48 vagrant rsyslogd:  [origin software="rsyslogd" swVersion="8.32.0" x-pid="662" x-info="http://www.rsyslog.com"] start
Mar  9 17:01:48 vagrant dbus-daemon[673]: [system] AppArmor D-Bus mediation is enabled
Mar  9 17:01:48 vagrant systemd[1]: Started Login Service.
Mar  9 17:01:48 vagrant systemd[1]: Starting Discard unused blocks...
Mar  9 17:01:48 vagrant systemd[1]: Starting Message of the Day...
Mar  9 17:01:48 vagrant systemd[1]: Starting LSB: Record successful boot for GRUB...
Mar  9 17:01:48 vagrant systemd[1]: Starting Pollinate to seed the pseudo random number generator...
Mar  9 17:01:48 vagrant systemd[1]: Starting LSB: automatic crash report generation...
Mar  9 17:01:48 vagrant systemd[1]: Starting Accounts Service...
Mar  9 17:01:48 vagrant systemd[1]: Starting Permit User Sessions...
Mar  9 17:01:48 vagrant systemd[1]: Starting Snappy daemon...
Mar  9 17:01:48 vagrant systemd[1]: Started System Logging Service.
Mar  9 17:01:48 vagrant systemd[1]: Started Discard unused blocks.
Mar  9 17:01:48 vagrant systemd[1]: Started Permit User Sessions.
Mar  9 17:01:48 vagrant systemd[1]: Starting Hold until boot process finishes up...
Mar  9 17:01:48 vagrant systemd[1]: Starting Terminate Plymouth Boot Screen...
Mar  9 17:01:48 vagrant systemd[1]: Started Hold until boot process finishes up.
Mar  9 17:01:48 vagrant systemd[1]: Starting Set console scheme...
Mar  9 17:01:48 vagrant systemd[1]: Started Terminate Plymouth Boot Screen.
Mar  9 17:01:48 vagrant grub-common[687]:  * Recording successful boot for GRUB
Mar  9 17:01:48 vagrant systemd[1]: Started Set console scheme.
Mar  9 17:01:48 vagrant systemd[1]: Created slice system-getty.slice.
Mar  9 17:01:48 vagrant systemd[1]: Started Getty on tty1.
Mar  9 17:01:48 vagrant systemd[1]: Reached target Login Prompts.
Mar  9 17:01:48 vagrant apport[690]:  * Starting automatic crash report generation: apport
Mar  9 17:01:48 vagrant systemd[1]: Started LXD - container startup/shutdown.
Mar  9 17:01:48 vagrant apport[690]:    ...done.
Mar  9 17:01:48 vagrant systemd[1]: Started LSB: automatic crash report generation.
Mar  9 17:01:48 vagrant grub-common[687]:    ...done.
Mar  9 17:01:48 vagrant systemd[1]: Started LSB: Record successful boot for GRUB.
Mar  9 17:01:48 vagrant dbus-daemon[673]: [system] Activating via systemd: service name='org.freedesktop.PolicyKit1' unit='polkit.service' requested by ':1.4' (uid=0 pid=693 comm="/usr/lib/accountsservice/accounts-daemon " label="unconfined")
Mar  9 17:01:48 vagrant systemd[1]: Starting Authorization Manager...
Mar  9 17:01:48 vagrant snapd[704]: AppArmor status: apparmor is enabled and all features are available
Mar  9 17:01:48 vagrant polkitd[734]: started daemon version 0.105 using authority implementation `local' version `0.105'
Mar  9 17:01:48 vagrant dbus-daemon[673]: [system] Successfully activated service 'org.freedesktop.PolicyKit1'
Mar  9 17:01:48 vagrant systemd[1]: Started Authorization Manager.
Mar  9 17:01:48 vagrant accounts-daemon[693]: started daemon version 0.6.45
Mar  9 17:01:48 vagrant systemd[1]: Started Accounts Service.
Mar  9 17:01:49 vagrant pollinate[689]: client sent challenge to [https://entropy.ubuntu.com/]
Mar  9 17:01:49 vagrant snapd[704]: daemon.go:346: started snapd/2.42.1+18.04 (series 16; classic) ubuntu/18.04 (amd64) linux/4.15.0-76-generic.
Mar  9 17:01:49 vagrant systemd[1]: Created slice system-lvm2\x2dpvscan.slice.
Mar  9 17:01:49 vagrant systemd[1]: Starting LVM2 PV scan on device 8:1...
